 reducetostream

 Timestamp is 456e22cb (Wed Nov 29 16:16:11 2006)

 Preferred load address is 00400000

 Start         Length     Name                   Class
 0001:00000000 0005aa94H .text                   CODE
 0001:0005aaa0 0000338dH .text$x                 CODE
 0001:0005de30 00007ed7H .text$yc                CODE
 0001:00065d10 0000043cH .text$yd                CODE
 0002:00000000 00000238H .idata$5                DATA
 0002:00000238 00000004H .CRT$XCA                DATA
 0002:0000023c 0000001cH .CRT$XCC                DATA
 0002:00000258 00000048H .CRT$XCU                DATA
 0002:000002a0 00000004H .CRT$XCZ                DATA
 0002:000002a4 00000004H .CRT$XIA                DATA
 0002:000002a8 00000014H .CRT$XIC                DATA
 0002:000002bc 00000004H .CRT$XID                DATA
 0002:000002c0 00000004H .CRT$XIY                DATA
 0002:000002c4 00000004H .CRT$XIZ                DATA
 0002:000002c8 00000004H .CRT$XPA                DATA
 0002:000002cc 00000004H .CRT$XPX                DATA
 0002:000002d0 00000004H .CRT$XPXA               DATA
 0002:000002d4 00000004H .CRT$XPZ                DATA
 0002:000002d8 00000004H .CRT$XTA                DATA
 0002:000002dc 00000004H .CRT$XTB                DATA
 0002:000002e0 00000004H .CRT$XTZ                DATA
 0002:000002f0 00019360H .rdata                  DATA
 0002:00019650 00000038H .rdata$debug            DATA
 0002:00019688 0000154cH .rdata$r                DATA
 0002:0001abe0 00000318H .rdata$sxdata           DATA
 0002:0001aef8 00000004H .rtc$IAA                DATA
 0002:0001aefc 00000004H .rtc$IZZ                DATA
 0002:0001af00 00000004H .rtc$TAA                DATA
 0002:0001af04 00000004H .rtc$TZZ                DATA
 0002:0001af08 0000465cH .xdata$x                DATA
 0002:0001f564 00000078H .idata$2                DATA
 0002:0001f5dc 00000014H .idata$3                DATA
 0002:0001f5f0 00000238H .idata$4                DATA
 0002:0001f828 000009a6H .idata$6                DATA
 0002:000201ce 00000000H .edata                  DATA
 0003:00000000 0000240cH .data                   DATA
 0003:00002420 000021c8H .bss                    DATA

  Address         Publics by Value              Rva+Base       Lib:Object

 0000:00000000       __except_list              00000000     <absolute>
 0000:000000c6       ___safe_se_handler_count   000000c6     <absolute>
 0000:00000000       ___ImageBase               00400000     <linker-defined>
 0001:00000000       ?assign@?$char_traits@D@std@@SAXAADABD@Z 00401000 f i reducetostream.obj
 0001:00000010       ?length@?$char_traits@D@std@@SAIPBD@Z 00401010 f i reducetostream.obj
 0001:00000030       ?_Copy_s@?$char_traits@D@std@@SAPADPADIPBDI@Z 00401030 f i reducetostream.obj
 0001:00000060       ?_Move_s@?$char_traits@D@std@@SAPADPADIPBDI@Z 00401060 f i reducetostream.obj
 0001:00000090       ??0_Iterator_base@std@@QAE@XZ 00401090 f i reducetostream.obj
 0001:000000a0       ??0bad_alloc@std@@QAE@PBD@Z 004010a0 f i reducetostream.obj
 0001:000000c0       ??1bad_alloc@std@@UAE@XZ   004010c0 f i reducetostream.obj
 0001:000000d0       ??_Ebad_alloc@std@@UAEPAXI@Z 004010d0 f i reducetostream.obj
 0001:000000d0       ??_Gbad_alloc@std@@UAEPAXI@Z 004010d0 f i reducetostream.obj
 0001:00000100       ??2@YAPAXIPAX@Z            00401100 f i reducetostream.obj
 0001:00000110       ??3@YAXPAX0@Z              00401110 f i reducetostream.obj
 0001:00000120       ??0gpu_input_desc@desc@brook@@QAE@HH@Z 00401120 f i reducetostream.obj
 0001:00000140       ?reduction_factor@gpu_technique_desc@desc@brook@@QAEAAV123@H@Z 00401140 f i reducetostream.obj
 0001:00000150       ??0id@locale@std@@QAE@I@Z  00401150 f i reducetostream.obj
 0001:00000160       _logf                      00401160 f i reducetostream.obj
 0001:00000180       ?log@@YAMM@Z               00401180 f i reducetostream.obj
 0001:000001a0       ?getAt@?$Holder@M@@SAMMH@Z 004011a0 f i reducetostream.obj
 0001:000001b0       ??0float4@@QAE@MMMM@Z      004011b0 f i reducetostream.obj
 0001:000001e0       ??0float4@@QAE@XZ          004011e0 f i reducetostream.obj
 0001:000001f0       ??$getStreamType@M@brook@@YAPBW4StreamType@0@PAM@Z 004011f0 f i reducetostream.obj
 0001:00000200       ??$getStreamType@Ufloat4@@@brook@@YAPBW4StreamType@0@PAUfloat4@@@Z 00401200 f i reducetostream.obj
 0001:00000210       ??Bstream@brook@@QBEPAVStream@1@XZ 00401210 f i reducetostream.obj
 0001:00000220       ??1kernel@brook@@QAE@XZ    00401220 f i reducetostream.obj
 0001:00000230       ??Ckernel@brook@@QBEPAVKernel@1@XZ 00401230 f i reducetostream.obj
 0001:00000260       ??$__BRTReductionType@Vstream@brook@@@@YA?AW4StreamType@brook@@PBVstream@1@@Z 00401260 f i reducetostream.obj
 0001:00000270       ??$__BRTReductionType@Ufloat4@@@@YA?AW4StreamType@brook@@PBUfloat4@@@Z 00401270 f i reducetostream.obj
 0001:00000280       ?__printf_cpu_inner@@YAXM@Z 00401280 f   reducetostream.obj
 0001:000002a0       ??_H@YGXPAXIHP6EPAX0@Z@Z   004012a0 f i reducetostream.obj
 0001:000002e0       ?size@?$basic_string@DU?$char_traits@D@std@@V?$allocator@D@2@@std@@QBEIXZ 004012e0 f i reducetostream.obj
 0001:000002f0       ?unsafeGetAt@?$vec@M$03@@QBEABMI@Z 004012f0 f i reducetostream.obj
 0001:00000300       ?unsafeGetAt@?$vec@M$03@@QAEAAMI@Z 00401300 f i reducetostream.obj
 0001:00000310       ??0?$vec@M$03@@QAE@XZ      00401310 f i reducetostream.obj
 0001:00000320       ?_Myptr@?$basic_string@DU?$char_traits@D@std@@V?$allocator@D@2@@std@@IBEPBDXZ 00401320 f i reducetostream.obj
 0001:00000330       ??0?$allocator@D@std@@QAE@XZ 00401330 f i reducetostream.obj
 0001:00000340       ??0?$allocator@D@std@@QAE@ABV01@@Z 00401340 f i reducetostream.obj
 0001:00000350       ?capacity@?$vector@Vgpu_input_desc@desc@brook@@V?$allocator@Vgpu_input_desc@desc@brook@@@std@@@std@@QBEIXZ 00401350 f i reducetostream.obj
 0001:00000370       ?size@?$vector@Vgpu_input_desc@desc@brook@@V?$allocator@Vgpu_input_desc@desc@brook@@@std@@@std@@QBEIXZ 00401370 f i reducetostream.obj
 0001:00000390       ??0?$allocator@Vgpu_input_desc@desc@brook@@@std@@QAE@XZ 00401390 f i reducetostream.obj
 0001:000003a0       ?capacity@?$vector@Vgpu_pass_desc@desc@brook@@V?$allocator@Vgpu_pass_desc@desc@brook@@@std@@@std@@QBEIXZ 004013a0 f i reducetostream.obj
 0001:000003c0       ?size@?$vector@Vgpu_pass_desc@desc@brook@@V?$allocator@Vgpu_pass_desc@desc@brook@@@std@@@std@@QBEIXZ 004013c0 f i reducetostream.obj
 0001:000003e0       ??0?$allocator@Vgpu_pass_desc@desc@brook@@@std@@QAE@XZ 004013e0 f i reducetostream.obj
 0001:000003f0       ?capacity@?$vector@Vgpu_technique_desc@desc@brook@@V?$allocator@Vgpu_technique_desc@desc@brook@@@std@@@std@@QBEIXZ 004013f0 f i reducetostream.obj
 0001:00000420       ?size@?$vector@Vgpu_technique_desc@desc@brook@@V?$allocator@Vgpu_technique_desc@desc@brook@@@std@@@std@@QBEIXZ 00401420 f i reducetostream.obj
 0001:00000450       ??0?$allocator@Vgpu_technique_desc@desc@brook@@@std@@QAE@XZ 00401450 f i reducetostream.obj
 0001:00000460       ??0?$allocator@Vgpu_technique_desc@desc@brook@@@std@@QAE@ABV01@@Z 00401460 f i reducetostream.obj
 0001:00000470       ?size@?$vector@PAXV?$allocator@PAX@std@@@std@@QBEIXZ 00401470 f i reducetostream.obj
 0001:00000490       ?_Myptr@?$basic_string@DU?$char_traits@D@std@@V?$allocator@D@2@@std@@IAEPADXZ 00401490 f i reducetostream.obj
 0001:000004a0       ?deallocate@?$allocator@D@std@@QAEXPADI@Z 004014a0 f i reducetostream.obj
 0001:000004b0       ??0?$allocator@Vgpu_input_desc@desc@brook@@@std@@QAE@ABV01@@Z 004014b0 f i reducetostream.obj
 0001:000004c0       ?deallocate@?$allocator@Vgpu_input_desc@desc@brook@@@std@@QAEXPAVgpu_input_desc@desc@brook@@I@Z 004014c0 f i reducetostream.obj
 0001:000004d0       ??0?$allocator@Vgpu_pass_desc@desc@brook@@@std@@QAE@ABV01@@Z 004014d0 f i reducetostream.obj
 0001:000004e0       ?deallocate@?$allocator@Vgpu_pass_desc@desc@brook@@@std@@QAEXPAVgpu_pass_desc@desc@brook@@I@Z 004014e0 f i reducetostream.obj
 0001:000004f0       ?deallocate@?$allocator@Vgpu_technique_desc@desc@brook@@@std@@QAEXPAVgpu_technique_desc@desc@brook@@I@Z 004014f0 f i reducetostream.obj
 0001:00000500       ??0?$_Ranit@Vgpu_technique_desc@desc@brook@@HPBV123@ABV123@@std@@QAE@XZ 00401500 f i reducetostream.obj
 0001:00000510       ?_Inside@?$basic_string@DU?$char_traits@D@std@@V?$allocator@D@2@@std@@IAE_NPBD@Z 00401510 f i reducetostream.obj
 0001:00000550       ?max_size@?$allocator@Vgpu_input_desc@desc@brook@@@std@@QBEIXZ 00401550 f i reducetostream.obj
 0001:00000560       ?max_size@?$allocator@Vgpu_pass_desc@desc@brook@@@std@@QBEIXZ 00401560 f i reducetostream.obj
 0001:00000570       ?max_size@?$allocator@Vgpu_technique_desc@desc@brook@@@std@@QBEIXZ 00401570 f i reducetostream.obj
 0001:00000580       ??G?$_Vector_const_iterator@Vgpu_input_desc@desc@brook@@V?$allocator@Vgpu_input_desc@desc@brook@@@std@@@std@@QBEHABV01@@Z 00401580 f i reducetostream.obj
 0001:000005b0       ??G?$_Vector_const_iterator@Vgpu_pass_desc@desc@brook@@V?$allocator@Vgpu_pass_desc@desc@brook@@@std@@@std@@QBEHABV01@@Z 004015b0 f i reducetostream.obj
 0001:000005f0       ??G?$_Vector_const_iterator@Vgpu_technique_desc@desc@brook@@V?$allocator@Vgpu_technique_desc@desc@brook@@@std@@@std@@QBEHABV01@@Z 004015f0 f i reducetostream.obj
 0001:00000630       ??0?$_Ranit@Vgpu_input_desc@desc@brook@@HPBV123@ABV123@@std@@QAE@XZ 00401630 f i reducetostream.obj
 0001:00000640       ??0?$_Ranit@Vgpu_pass_desc@desc@brook@@HPBV123@ABV123@@std@@QAE@XZ 00401640 f i reducetostream.obj
 0001:00000650       ?max_size@?$allocator@D@std@@QBEIXZ 00401650 f i reducetostream.obj
 0001:00000660       ??Y?$_Vector_const_iterator@Vgpu_input_desc@desc@brook@@V?$allocator@Vgpu_input_desc@desc@brook@@@std@@@std@@QAEAAV01@H@Z 00401660 f i reducetostream.obj
 0001:000006a0       ??Y?$_Vector_const_iterator@Vgpu_pass_desc@desc@brook@@V?$allocator@Vgpu_pass_desc@desc@brook@@@std@@@std@@QAEAAV01@H@Z 004016a0 f i reducetostream.obj
 0001:000006e0       ??Y?$_Vector_const_iterator@Vgpu_technique_desc@desc@brook@@V?$allocator@Vgpu_technique_desc@desc@brook@@@std@@@std@@QAEAAV01@H@Z 004016e0 f i reducetostream.obj
 0001:00000720       ??$?0M@?$vec@M$01@@QAE@ABM0@Z 00401720 f i reducetostream.obj
 0001:00000740       ??$?0M@?$vec@M$03@@QAE@ABM000@Z 00401740 f i reducetostream.obj
 0001:00000770       ??$_Allocate@Vgpu_input_desc@desc@brook@@@std@@YAPAVgpu_input_desc@desc@brook@@IPAV123@@Z 00401770 f i reducetostream.obj
 0001:000007d0       ??$_Allocate@Vgpu_pass_desc@desc@brook@@@std@@YAPAVgpu_pass_desc@desc@brook@@IPAV123@@Z 004017d0 f i reducetostream.obj
 0001:00000830       ??$_Allocate@Vgpu_technique_desc@desc@brook@@@std@@YAPAVgpu_technique_desc@desc@brook@@IPAV123@@Z 00401830 f i reducetostream.obj
 0001:000008a0       ??$_Allocate@D@std@@YAPADIPAD@Z 004018a0 f i reducetostream.obj
 0001:00000900       ??0bad_alloc@std@@QAE@ABV01@@Z 00401900 f i reducetostream.obj
 0001:00000920       ?getAt@?$vec@M$00@@QBEABMI@Z 00401920 f i reducetostream.obj
 0001:00000940       ?getAt@?$vec@M$01@@QBEABMI@Z 00401940 f i reducetostream.obj
 0001:00000960       ?getAt@?$vec@M$03@@QBEABMI@Z 00401960 f i reducetostream.obj
 0001:00000980       ??$indexOf@V?$vec@M$01@@@?$__BrtArray@V?$vec@M$00@@@@QBEIABV?$vec@M$01@@@Z 00401980 f i reducetostream.obj
 0001:00000b80       ??$?RM@?$InitializeClass@V?$vec@M$03@@@@QAE?AV?$vec@M$03@@ABM000@Z 00401b80 f i reducetostream.obj
 0001:00000bb0       ??$_Char_traits_cat@U?$char_traits@D@std@@@std@@YA?AU_Secure_char_traits_tag@0@XZ 00401bb0 f i reducetostream.obj
 0001:00000bc0       ??$copy_s@U?$char_traits@D@std@@@_Traits_helper@std@@YAPADPADIPBDIU_Secure_char_traits_tag@1@@Z 00401bc0 f i reducetostream.obj
 0001:00000bf0       ??$_Ptr_cat@PAVgpu_input_desc@desc@brook@@PAV123@@std@@YA?AU_Nonscalar_ptr_iterator_tag@0@AAPAVgpu_input_desc@desc@brook@@0@Z 00401bf0 f i reducetostream.obj
 0001:00000c00       ??$_Ptr_cat@PAVgpu_pass_desc@desc@brook@@PAV123@@std@@YA?AU_Nonscalar_ptr_iterator_tag@0@AAPAVgpu_pass_desc@desc@brook@@0@Z 00401c00 f i reducetostream.obj
 0001:00000c10       ??$_Ptr_cat@PAVgpu_technique_desc@desc@brook@@PAV123@@std@@YA?AU_Nonscalar_ptr_iterator_tag@0@AAPAVgpu_technique_desc@desc@brook@@0@Z 00401c10 f i reducetostream.obj
 0001:00000c20       ??$move_s@U?$char_traits@D@std@@@_Traits_helper@std@@YAPADPADIPBDIU_Secure_char_traits_tag@1@@Z 00401c20 f i reducetostream.obj
 0001:00000c50       ??$_Fill@PAVgpu_input_desc@desc@brook@@V123@@std@@YAXPAVgpu_input_desc@desc@brook@@0ABV123@@Z 00401c50 f i reducetostream.obj
 0001:00000c80       ??$_Iter_random@PAVgpu_input_desc@desc@brook@@PAV123@@std@@YA?AUrandom_access_iterator_tag@0@ABQAVgpu_input_desc@desc@brook@@0@Z 00401c80 f i reducetostream.obj
 0001:00000c90       ??$_Move_cat@PAVgpu_input_desc@desc@brook@@@std@@YA?AU_Undefined_move_tag@0@ABQAVgpu_input_desc@desc@brook@@@Z 00401c90 f i reducetostream.obj
 0001:00000ca0       ??$_Iter_random@PAVgpu_pass_desc@desc@brook@@PAV123@@std@@YA?AUrandom_access_iterator_tag@0@ABQAVgpu_pass_desc@desc@brook@@0@Z 00401ca0 f i reducetostream.obj
 0001:00000cb0       ??$_Move_cat@PAVgpu_pass_desc@desc@brook@@@std@@YA?AU_Undefined_move_tag@0@ABQAVgpu_pass_desc@desc@brook@@@Z 00401cb0 f i reducetostream.obj
 0001:00000cc0       ??$_Iter_random@PAVgpu_technique_desc@desc@brook@@PAV123@@std@@YA?AUrandom_access_iterator_tag@0@ABQAVgpu_technique_desc@desc@brook@@0@Z 00401cc0 f i reducetostream.obj
 0001:00000cd0       ??$_Move_cat@PAVgpu_technique_desc@desc@brook@@@std@@YA?AU_Undefined_move_tag@0@ABQAVgpu_technique_desc@desc@brook@@@Z 00401cd0 f i reducetostream.obj
 0001:00000ce0       ?getAt@?$Holder@V?$vec@M$00@@@@SAMABV?$vec@M$00@@H@Z 00401ce0 f i reducetostream.obj
 0001:00000d00       ??8?$_Vector_const_iterator@Vgpu_input_desc@desc@brook@@V?$allocator@Vgpu_input_desc@desc@brook@@@std@@@std@@QBE_NABV01@@Z 00401d00 f i reducetostream.obj
 0001:00000d30       ??8?$_Vector_const_iterator@Vgpu_pass_desc@desc@brook@@V?$allocator@Vgpu_pass_desc@desc@brook@@@std@@@std@@QBE_NABV01@@Z 00401d30 f i reducetostream.obj
 0001:00000d60       ??$GetAt@M@@YAMABMH@Z      00401d60 f i reducetostream.obj
 0001:00000d70       ??$_Ptr_cat@V?$_Vector_const_iterator@Vgpu_technique_desc@desc@brook@@V?$allocator@Vgpu_technique_desc@desc@brook@@@std@@@std@@PAVgpu_technique_desc@desc@brook@@@std@@YA?AU_Nonscalar_ptr_iterator_tag@0@AAV?$_Vector_const_iterator@Vgpu_technique_desc@desc@brook@@V?$allocator@Vgpu_technique_desc@desc@brook@@@std@@@0@AAPAVgpu_technique_desc@desc@brook@@@Z 00401d70 f i reducetostream.obj
 0001:00000d80       ??$_Checked_base@PAVgpu_input_desc@desc@brook@@@std@@YAPAVgpu_input_desc@desc@brook@@AAPAV123@U_Unchanged_checked_iterator_base_type_tag@0@@Z 00401d80 f i reducetostream.obj
 0001:00000d90       ??$_Checked_base@PAVgpu_pass_desc@desc@brook@@@std@@YAPAVgpu_pass_desc@desc@brook@@AAPAV123@U_Unchanged_checked_iterator_base_type_tag@0@@Z 00401d90 f i reducetostream.obj
 0001:00000da0       ??$_Checked_base@PAVgpu_technique_desc@desc@brook@@@std@@YAPAVgpu_technique_desc@desc@brook@@AAPAV123@U_Unchanged_checked_iterator_base_type_tag@0@@Z 00401da0 f i reducetostream.obj
 0001:00000db0       ??$_Ptr_cat@V?$_Vector_const_iterator@Vgpu_input_desc@desc@brook@@V?$allocator@Vgpu_input_desc@desc@brook@@@std@@@std@@PAVgpu_input_desc@desc@brook@@@std@@YA?AU_Nonscalar_ptr_iterator_tag@0@AAV?$_Vector_const_iterator@Vgpu_input_desc@desc@brook@@V?$allocator@Vgpu_input_desc@desc@brook@@@std@@@0@AAPAVgpu_input_desc@desc@brook@@@Z 00401db0 f i reducetostream.obj
 0001:00000dc0       ??$_Ptr_cat@V?$_Vector_const_iterator@Vgpu_pass_desc@desc@brook@@V?$allocator@Vgpu_pass_desc@desc@brook@@@std@@@std@@PAVgpu_pass_desc@desc@brook@@@std@@YA?AU_Nonscalar_ptr_iterator_tag@0@AAV?$_Vector_const_iterator@Vgpu_pass_desc@desc@brook@@V?$allocator@Vgpu_pass_desc@desc@brook@@@std@@@0@AAPAVgpu_pass_desc@desc@brook@@@Z 00401dc0 f i reducetostream.obj
 0001:00000dd0       ??$_Construct@Vgpu_input_desc@desc@brook@@V123@@std@@YAXPAVgpu_input_desc@desc@brook@@ABV123@@Z 00401dd0 f i reducetostream.obj
 0001:00000df0       ??$_Destroy@Vgpu_input_desc@desc@brook@@@std@@YAXPAVgpu_input_desc@desc@brook@@@Z 00401df0 f i reducetostream.obj
 0001:00000e00       ?getAt@?$Holder@V?$vec@M$03@@@@SAMABV?$vec@M$03@@H@Z 00401e00 f i reducetostream.obj
 0001:00000e20       ??$_Copy_backward_opt@PAVgpu_input_desc@desc@brook@@PAV123@Uforward_iterator_tag@std@@@std@@YAPAVgpu_input_desc@desc@brook@@PAV123@00Uforward_iterator_tag@0@U_Nonscalar_ptr_iterator_tag@0@U_Range_checked_iterator_tag@0@@Z 00401e20 f i reducetostream.obj
 0001:00000e50       ?_Checked_iterator_base@?$_Vector_const_iterator@Vgpu_input_desc@desc@brook@@V?$allocator@Vgpu_input_desc@desc@brook@@@std@@@std@@QBEPBVgpu_input_desc@desc@brook@@XZ 00401e50 f i reducetostream.obj
 0001:00000e60       ?_Checked_iterator_base@?$_Vector_const_iterator@Vgpu_pass_desc@desc@brook@@V?$allocator@Vgpu_pass_desc@desc@brook@@@std@@@std@@QBEPBVgpu_pass_desc@desc@brook@@XZ 00401e60 f i reducetostream.obj
 0001:00000e70       ?_Checked_iterator_base@?$_Vector_const_iterator@Vgpu_technique_desc@desc@brook@@V?$allocator@Vgpu_technique_desc@desc@brook@@@std@@@std@@QBEPBVgpu_technique_desc@desc@brook@@XZ 00401e70 f i reducetostream.obj
 0001:00000e80       ??$_Copy_opt@PAVgpu_input_desc@desc@brook@@PAV123@Uforward_iterator_tag@std@@@std@@YAPAVgpu_input_desc@desc@brook@@PAV123@00Uforward_iterator_tag@0@U_Nonscalar_ptr_iterator_tag@0@U_Range_checked_iterator_tag@0@@Z 00401e80 f i reducetostream.obj
 0001:00000eb0       ?swizzle2@?$vec@M$03@@QBE?AV?$vec@M$01@@HH@Z 00401eb0 f i reducetostream.obj
 0001:00000ed0       ??A?$vector@PAXV?$allocator@PAX@std@@@std@@QBEABQAXI@Z 00401ed0 f i reducetostream.obj
 0001:00000f00       ??0?$_String_val@DV?$allocator@D@std@@@std@@IAE@V?$allocator@D@1@@Z 00401f00 f i reducetostream.obj
 0001:00000f10       ??0?$_Vector_val@Vgpu_input_desc@desc@brook@@V?$allocator@Vgpu_input_desc@desc@brook@@@std@@@std@@IAE@V?$allocator@Vgpu_input_desc@desc@brook@@@1@@Z 00401f10 f i reducetostream.obj
 0001:00000f20       ??0?$_Vector_val@Vgpu_pass_desc@desc@brook@@V?$allocator@Vgpu_pass_desc@desc@brook@@@std@@@std@@IAE@V?$allocator@Vgpu_pass_desc@desc@brook@@@1@@Z 00401f20 f i reducetostream.obj
 0001:00000f30       ??0?$_Vector_val@Vgpu_technique_desc@desc@brook@@V?$allocator@Vgpu_technique_desc@desc@brook@@@std@@@std@@IAE@V?$allocator@Vgpu_technique_desc@desc@brook@@@1@@Z 00401f30 f i reducetostream.obj
 0001:00000f40       ?_Eos@?$basic_string@DU?$char_traits@D@std@@V?$allocator@D@2@@std@@IAEXI@Z 00401f40 f i reducetostream.obj
 0001:00000f60       ?max_size@?$vector@Vgpu_input_desc@desc@brook@@V?$allocator@Vgpu_input_desc@desc@brook@@@std@@@std@@QBEIXZ 00401f60 f i reducetostream.obj
 0001:00000f70       ?allocate@?$allocator@Vgpu_input_desc@desc@brook@@@std@@QAEPAVgpu_input_desc@desc@brook@@I@Z 00401f70 f i reducetostream.obj
 0001:00000f90       ?max_size@?$vector@Vgpu_pass_desc@desc@brook@@V?$allocator@Vgpu_pass_desc@desc@brook@@@std@@@std@@QBEIXZ 00401f90 f i reducetostream.obj
 0001:00000fa0       ?allocate@?$allocator@Vgpu_pass_desc@desc@brook@@@std@@QAEPAVgpu_pass_desc@desc@brook@@I@Z 00401fa0 f i reducetostream.obj
 0001:00000fc0       ?max_size@?$vector@Vgpu_technique_desc@desc@brook@@V?$allocator@Vgpu_technique_desc@desc@brook@@@std@@@std@@QBEIXZ 00401fc0 f i reducetostream.obj
 0001:00000fd0       ?allocate@?$allocator@Vgpu_technique_desc@desc@brook@@@std@@QAEPAVgpu_technique_desc@desc@brook@@I@Z 00401fd0 f i reducetostream.obj
 0001:00000ff0       ??G?$_Vector_iterator@Vgpu_input_desc@desc@brook@@V?$allocator@Vgpu_input_desc@desc@brook@@@std@@@std@@QBEHABV?$_Vector_const_iterator@Vgpu_input_desc@desc@brook@@V?$allocator@Vgpu_input_desc@desc@brook@@@std@@@1@@Z 00401ff0 f i reducetostream.obj
 0001:00001020       ??G?$_Vector_iterator@Vgpu_pass_desc@desc@brook@@V?$allocator@Vgpu_pass_desc@desc@brook@@@std@@@std@@QBEHABV?$_Vector_const_iterator@Vgpu_pass_desc@desc@brook@@V?$allocator@Vgpu_pass_desc@desc@brook@@@std@@@1@@Z 00402020 f i reducetostream.obj
 0001:00001060       ??0?$_Vector_const_iterator@Vgpu_technique_desc@desc@brook@@V?$allocator@Vgpu_technique_desc@desc@brook@@@std@@@std@@QAE@PAVgpu_technique_desc@desc@brook@@PBU_Container_base@1@@Z 00402060 f i reducetostream.obj
 0001:000010a0       ??0?$_Vector_iterator@Vgpu_technique_desc@desc@brook@@V?$allocator@Vgpu_technique_desc@desc@brook@@@std@@@std@@QAE@PAVgpu_technique_desc@desc@brook@@PBU_Container_base@1@@Z 004020a0 f i reducetostream.obj
 0001:000010e0       ??G?$_Vector_iterator@Vgpu_technique_desc@desc@brook@@V?$allocator@Vgpu_technique_desc@desc@brook@@@std@@@std@@QBEHABV?$_Vector_const_iterator@Vgpu_technique_desc@desc@brook@@V?$allocator@Vgpu_technique_desc@desc@brook@@@std@@@1@@Z 004020e0 f i reducetostream.obj
 0001:00001120       ?max_size@?$basic_string@DU?$char_traits@D@std@@V?$allocator@D@2@@std@@QBEIXZ 00402120 f i reducetostream.obj
 0001:00001130       ??Y?$_Vector_iterator@Vgpu_input_desc@desc@brook@@V?$allocator@Vgpu_input_desc@desc@brook@@@std@@@std@@QAEAAV01@H@Z 00402130 f i reducetostream.obj
 0001:00001170       ??0?$_Vector_const_iterator@Vgpu_input_desc@desc@brook@@V?$allocator@Vgpu_input_desc@desc@brook@@@std@@@std@@QAE@PAVgpu_input_desc@desc@brook@@PBU_Container_base@1@@Z 00402170 f i reducetostream.obj
 0001:000011b0       ??Y?$_Vector_iterator@Vgpu_pass_desc@desc@brook@@V?$allocator@Vgpu_pass_desc@desc@brook@@@std@@@std@@QAEAAV01@H@Z 004021b0 f i reducetostream.obj
 0001:000011f0       ??0?$_Vector_const_iterator@Vgpu_pass_desc@desc@brook@@V?$allocator@Vgpu_pass_desc@desc@brook@@@std@@@std@@QAE@PAVgpu_pass_desc@desc@brook@@PBU_Container_base@1@@Z 004021f0 f i reducetostream.obj
 0001:00001230       ??Y?$_Vector_iterator@Vgpu_technique_desc@desc@brook@@V?$allocator@Vgpu_technique_desc@desc@brook@@@std@@@std@@QAEAAV01@H@Z 00402230 f i reducetostream.obj
 0001:00001270       ?allocate@?$allocator@D@std@@QAEPADI@Z 00402270 f i reducetostream.obj
 0001:00001290       ?begin@?$vector@Vgpu_input_desc@desc@brook@@V?$allocator@Vgpu_input_desc@desc@brook@@@std@@@std@@QBE?AV?$_Vector_const_iterator@Vgpu_input_desc@desc@brook@@V?$allocator@Vgpu_input_desc@desc@brook@@@std@@@2@XZ 00402290 f i reducetostream.obj
 0001:000012c0       ?end@?$vector@Vgpu_input_desc@desc@brook@@V?$allocator@Vgpu_input_desc@desc@brook@@@std@@@std@@QBE?AV?$_Vector_const_iterator@Vgpu_input_desc@desc@brook@@V?$allocator@Vgpu_input_desc@desc@brook@@@std@@@2@XZ 004022c0 f i reducetostream.obj
 0001:000012f0       ?begin@?$vector@Vgpu_pass_desc@desc@brook@@V?$allocator@Vgpu_pass_desc@desc@brook@@@std@@@std@@QBE?AV?$_Vector_const_iterator@Vgpu_pass_desc@desc@brook@@V?$allocator@Vgpu_pass_desc@desc@brook@@@std@@@2@XZ 004022f0 f i reducetostream.obj
 0001:00001320       ?end@?$vector@Vgpu_pass_desc@desc@brook@@V?$allocator@Vgpu_pass_desc@desc@brook@@@std@@@std@@QBE?AV?$_Vector_const_iterator@Vgpu_pass_desc@desc@brook@@V?$allocator@Vgpu_pass_desc@desc@brook@@@std@@@2@XZ 00402320 f i reducetostream.obj
 0001:00001350       ??$?AV?$vec@M$01@@@?$__BrtArray@V?$vec@M$00@@@@QBEABV?$vec@M$00@@ABV?$vec@M$01@@@Z 00402350 f i reducetostream.obj
 0001:00001370       ??$castToArg@V?$vec@M$03@@@?$vec@M$03@@QBE?AV0@ABV0@@Z 00402370 f i reducetostream.obj
 0001:00001390       ??$copy_s@U?$char_traits@D@std@@@_Traits_helper@std@@YAPADPADIPBDI@Z 00402390 f i reducetostream.obj
 0001:000013c0       ??$move_s@U?$char_traits@D@std@@@_Traits_helper@std@@YAPADPADIPBDI@Z 004023c0 f i reducetostream.obj
 0001:000013f0       ??$?4M@?$vec@M$00@@QAEAAV0@ABM@Z 004023f0 f i reducetostream.obj
 0001:00001400       ??$GetAt@V?$vec@M$00@@@@YAMABV?$vec@M$00@@H@Z 00402400 f i reducetostream.obj
 0001:00001420       ??$?XV?$vec@M$00@@@?$vec@M$00@@QAEAAV0@ABV0@@Z 00402420 f i reducetostream.obj
 0001:00001450       ??$_Checked_base@PAVgpu_input_desc@desc@brook@@@std@@YAPAVgpu_input_desc@desc@brook@@AAPAV123@@Z 00402450 f i reducetostream.obj
 0001:00001460       ??$_Checked_base@PAVgpu_pass_desc@desc@brook@@@std@@YAPAVgpu_pass_desc@desc@brook@@AAPAV123@@Z 00402460 f i reducetostream.obj
 0001:00001470       ??$_Checked_base@PAVgpu_technique_desc@desc@brook@@@std@@YAPAVgpu_technique_desc@desc@brook@@AAPAV123@@Z 00402470 f i reducetostream.obj
 0001:00001480       ?construct@?$allocator@Vgpu_input_desc@desc@brook@@@std@@QAEXPAVgpu_input_desc@desc@brook@@ABV345@@Z 00402480 f i reducetostream.obj
 0001:000014a0       ?destroy@?$allocator@Vgpu_input_desc@desc@brook@@@std@@QAEXPAVgpu_input_desc@desc@brook@@@Z 004024a0 f i reducetostream.obj
 0001:000014b0       ??9?$_Vector_const_iterator@Vgpu_input_desc@desc@brook@@V?$allocator@Vgpu_input_desc@desc@brook@@@std@@@std@@QBE_NABV01@@Z 004024b0 f i reducetostream.obj
 0001:000014e0       ??9?$_Vector_const_iterator@Vgpu_pass_desc@desc@brook@@V?$allocator@Vgpu_pass_desc@desc@brook@@@std@@@std@@QBE_NABV01@@Z 004024e0 f i reducetostream.obj
 0001:00001510       ??$GetAt@V?$vec@M$03@@@@YAMABV?$vec@M$03@@H@Z 00402510 f i reducetostream.obj
 0001:00001530       ??$_Copy_backward_opt@PAVgpu_input_desc@desc@brook@@PAV123@@std@@YAPAVgpu_input_desc@desc@brook@@PAV123@00Urandom_access_iterator_tag@0@U_Nonscalar_ptr_iterator_tag@0@U_Range_checked_iterator_tag@0@@Z 00402530 f i reducetostream.obj
 0001:00001570       ??$_Uninit_copy@PBVgpu_input_desc@desc@brook@@PAV123@V?$allocator@Vgpu_input_desc@desc@brook@@@std@@@std@@YAPAVgpu_input_desc@desc@brook@@PBV123@0PAV123@AAV?$allocator@Vgpu_input_desc@desc@brook@@@0@U_Nonscalar_ptr_iterator_tag@0@U_Range_checked_iterator_tag@0@@Z 00402570 f i reducetostream.obj
 0001:000015a0       ??$_Checked_base@V?$_Vector_const_iterator@Vgpu_technique_desc@desc@brook@@V?$allocator@Vgpu_technique_desc@desc@brook@@@std@@@std@@U_Different_checked_iterator_base_type_tag@2@@std@@YAPBVgpu_technique_desc@desc@brook@@AAV?$_Vector_const_iterator@Vgpu_technique_desc@desc@brook@@V?$allocator@Vgpu_technique_desc@desc@brook@@@std@@@0@U_Different_checked_iterator_base_type_tag@0@@Z 004025a0 f i reducetostream.obj
 0001:000015b0       ??$_Checked_base@V?$_Vector_const_iterator@Vgpu_input_desc@desc@brook@@V?$allocator@Vgpu_input_desc@desc@brook@@@std@@@std@@U_Different_checked_iterator_base_type_tag@2@@std@@YAPBVgpu_input_desc@desc@brook@@AAV?$_Vector_const_iterator@Vgpu_input_desc@desc@brook@@V?$allocator@Vgpu_input_desc@desc@brook@@@std@@@0@U_Different_checked_iterator_base_type_tag@0@@Z 004025b0 f i reducetostream.obj
 0001:000015c0       ??$_Checked_base@V?$_Vector_const_iterator@Vgpu_pass_desc@desc@brook@@V?$allocator@Vgpu_pass_desc@desc@brook@@@std@@@std@@U_Different_checked_iterator_base_type_tag@2@@std@@YAPBVgpu_pass_desc@desc@brook@@AAV?$_Vector_const_iterator@Vgpu_pass_desc@desc@brook@@V?$allocator@Vgpu_pass_desc@desc@brook@@@std@@@0@U_Different_checked_iterator_base_type_tag@0@@Z 004025c0 f i reducetostream.obj
 0001:000015d0       ??$_Copy_opt@PAVgpu_input_desc@desc@brook@@PAV123@@std@@YAPAVgpu_input_desc@desc@brook@@PAV123@00Urandom_access_iterator_tag@0@U_Nonscalar_ptr_iterator_tag@0@U_Range_checked_iterator_tag@0@@Z 004025d0 f i reducetostream.obj
 0001:00001610       ??$_Uninit_copy@PAVgpu_input_desc@desc@brook@@PAV123@V?$allocator@Vgpu_input_desc@desc@brook@@@std@@@std@@YAPAVgpu_input_desc@desc@brook@@PAV123@00AAV?$allocator@Vgpu_input_desc@desc@brook@@@0@U_Nonscalar_ptr_iterator_tag@0@U_Range_checked_iterator_tag@0@@Z 00402610 f i reducetostream.obj
 0001:00001640       ?_Tidy@?$basic_string@DU?$char_traits@D@std@@V?$allocator@D@2@@std@@IAEX_NI@Z 00402640 f i reducetostream.obj
 0001:00001690       ?begin@?$vector@Vgpu_technique_desc@desc@brook@@V?$allocator@Vgpu_technique_desc@desc@brook@@@std@@@std@@QBE?AV?$_Vector_const_iterator@Vgpu_technique_desc@desc@brook@@V?$allocator@Vgpu_technique_desc@desc@brook@@@std@@@2@XZ 00402690 f i reducetostream.obj
 0001:000016c0       ?end@?$vector@Vgpu_technique_desc@desc@brook@@V?$allocator@Vgpu_technique_desc@desc@brook@@@std@@@std@@QAE?AV?$_Vector_iterator@Vgpu_technique_desc@desc@brook@@V?$allocator@Vgpu_technique_desc@desc@brook@@@std@@@2@XZ 004026c0 f i reducetostream.obj
 0001:000016f0       ?end@?$vector@Vgpu_technique_desc@desc@brook@@V?$allocator@Vgpu_technique_desc@desc@brook@@@std@@@std@@QBE?AV?$_Vector_const_iterator@Vgpu_technique_desc@desc@brook@@V?$allocator@Vgpu_technique_desc@desc@brook@@@std@@@2@XZ 004026f0 f i reducetostream.obj
 0001:00001720       ?erase@?$basic_string@DU?$char_traits@D@std@@V?$allocator@D@2@@std@@QAEAAV12@II@Z 00402720 f i reducetostream.obj
 0001:000017b0       ?begin@?$vector@Vgpu_technique_desc@desc@brook@@V?$allocator@Vgpu_technique_desc@desc@brook@@@std@@@std@@QAE?AV?$_Vector_iterator@Vgpu_technique_desc@desc@brook@@V?$allocator@Vgpu_technique_desc@desc@brook@@@std@@@2@XZ 004027b0 f i reducetostream.obj
 0001:000017e0       ??0?$_Vector_iterator@Vgpu_input_desc@desc@brook@@V?$allocator@Vgpu_input_desc@desc@brook@@@std@@@std@@QAE@PAVgpu_input_desc@desc@brook@@PBU_Container_base@1@@Z 004027e0 f i reducetostream.obj
 0001:00001820       ??H?$_Vector_iterator@Vgpu_input_desc@desc@brook@@V?$allocator@Vgpu_input_desc@desc@brook@@@std@@@std@@QBE?AV01@H@Z 00402820 f i reducetostream.obj
 0001:00001860       ??0?$_Vector_iterator@Vgpu_pass_desc@desc@brook@@V?$allocator@Vgpu_pass_desc@desc@brook@@@std@@@std@@QAE@PAVgpu_pass_desc@desc@brook@@PBU_Container_base@1@@Z 00402860 f i reducetostream.obj
 0001:000018a0       ??H?$_Vector_iterator@Vgpu_pass_desc@desc@brook@@V?$allocator@Vgpu_pass_desc@desc@brook@@@std@@@std@@QBE?AV01@H@Z 004028a0 f i reducetostream.obj
 0001:000018e0       ??H?$_Vector_iterator@Vgpu_technique_desc@desc@brook@@V?$allocator@Vgpu_technique_desc@desc@brook@@@std@@@std@@QBE?AV01@H@Z 004028e0 f i reducetostream.obj
 0001:00001920       ?_Copy@?$basic_string@DU?$char_traits@D@std@@V?$allocator@D@2@@std@@IAEXII@Z 00402920 f i reducetostream.obj
 0001:00001a70       ??$?0M@?$vec@M$00@@QAE@ABM@Z 00402a70 f i reducetostream.obj
 0001:00001a80       ??$mask1@V?$vec@M$00@@@?$vec@M$03@@QAE?AV?$vec@M$00@@ABV1@H@Z 00402a80 f i reducetostream.obj
 0001:00001aa0       ??$?DV?$vec@M$00@@@?$vec@M$00@@QBE?AV0@ABV0@@Z 00402aa0 f i reducetostream.obj
 0001:00001ae0       ??$?0V?$vec@M$03@@@?$Addressable@V?$vec@M$03@@@@QAE@PAV?$vec@M$03@@@Z 00402ae0 f i reducetostream.obj
 0001:00001b10       ??$fill@PAVgpu_input_desc@desc@brook@@V123@@std@@YAXPAVgpu_input_desc@desc@brook@@0ABV123@@Z 00402b10 f i reducetostream.obj
 0001:00001b40       ??$?YV?$vec@M$00@@@?$vec@M$00@@QAEAAV0@ABV0@@Z 00402b40 f i reducetostream.obj
 0001:00001b70       ??$?YV?$vec@M$03@@@?$vec@M$03@@QAEAAV0@ABV0@@Z 00402b70 f i reducetostream.obj
 0001:00001bf0       ??$_Uninit_fill_n@PAVgpu_input_desc@desc@brook@@IV123@V?$allocator@Vgpu_input_desc@desc@brook@@@std@@@std@@YAXPAVgpu_input_desc@desc@brook@@IABV123@AAV?$allocator@Vgpu_input_desc@desc@brook@@@0@U_Nonscalar_ptr_iterator_tag@0@U_Range_checked_iterator_tag@0@@Z 00402bf0 f i reducetostream.obj
 0001:00001c20       ??$_Destroy_range@Vgpu_input_desc@desc@brook@@V?$allocator@Vgpu_input_desc@desc@brook@@@std@@@std@@YAXPAVgpu_input_desc@desc@brook@@0AAV?$allocator@Vgpu_input_desc@desc@brook@@@0@U_Nonscalar_ptr_iterator_tag@0@@Z 00402c20 f i reducetostream.obj
 0001:00001c30       ??$_Move_backward_opt@PAVgpu_input_desc@desc@brook@@PAV123@Urandom_access_iterator_tag@std@@U_Undefined_move_tag@5@@std@@YAPAVgpu_input_desc@desc@brook@@PAV123@00Urandom_access_iterator_tag@0@U_Undefined_move_tag@0@U_Range_checked_iterator_tag@0@@Z 00402c30 f i reducetostream.obj
 0001:00001c70       ??$_Checked_base@V?$_Vector_const_iterator@Vgpu_technique_desc@desc@brook@@V?$allocator@Vgpu_technique_desc@desc@brook@@@std@@@std@@@std@@YAPBVgpu_technique_desc@desc@brook@@AAV?$_Vector_const_iterator@Vgpu_technique_desc@desc@brook@@V?$allocator@Vgpu_technique_desc@desc@brook@@@std@@@0@@Z 00402c70 f i reducetostream.obj
 0001:00001c80       ??$_Checked_base@V?$_Vector_const_iterator@Vgpu_input_desc@desc@brook@@V?$allocator@Vgpu_input_desc@desc@brook@@@std@@@std@@@std@@YAPBVgpu_input_desc@desc@brook@@AAV?$_Vector_const_iterator@Vgpu_input_desc@desc@brook@@V?$allocator@Vgpu_input_desc@desc@brook@@@std@@@0@@Z 00402c80 f i reducetostream.obj
 0001:00001c90       ??$_Checked_base@V?$_Vector_const_iterator@Vgpu_pass_desc@desc@brook@@V?$allocator@Vgpu_pass_desc@desc@brook@@@std@@@std@@@std@@YAPBVgpu_pass_desc@desc@brook@@AAV?$_Vector_const_iterator@Vgpu_pass_desc@desc@brook@@V?$allocator@Vgpu_pass_desc@desc@brook@@@std@@@0@@Z 00402c90 f i reducetostream.obj
 0001:00001ca0       ??$unchecked_copy@PAVgpu_input_desc@desc@brook@@PAV123@@stdext@@YAPAVgpu_input_desc@desc@brook@@PAV123@00@Z 00402ca0 f i reducetostream.obj
 0001:00001ce0       ??$unchecked_uninitialized_copy@PAVgpu_input_desc@desc@brook@@PAV123@V?$allocator@Vgpu_input_desc@desc@brook@@@std@@@stdext@@YAPAVgpu_input_desc@desc@brook@@PAV123@00AAV?$allocator@Vgpu_input_desc@desc@brook@@@std@@@Z 00402ce0 f i reducetostream.obj
 0001:00001d10       ??1?$basic_string@DU?$char_traits@D@std@@V?$allocator@D@2@@std@@QAE@XZ 00402d10 f i reducetostream.obj
 0001:00001d40       ?swizzle1@?$vec@M$03@@QBE?AV?$vec@M$00@@H@Z 00402d40 f i reducetostream.obj
 0001:00001d50       ?end@?$vector@Vgpu_input_desc@desc@brook@@V?$allocator@Vgpu_input_desc@desc@brook@@@std@@@std@@QAE?AV?$_Vector_iterator@Vgpu_input_desc@desc@brook@@V?$allocator@Vgpu_input_desc@desc@brook@@@std@@@2@XZ 00402d50 f i reducetostream.obj
 0001:00001d80       ?end@?$vector@Vgpu_pass_desc@desc@brook@@V?$allocator@Vgpu_pass_desc@desc@brook@@@std@@@std@@QAE?AV?$_Vector_iterator@Vgpu_pass_desc@desc@brook@@V?$allocator@Vgpu_pass_desc@desc@brook@@@std@@@2@XZ 00402d80 f i reducetostream.obj
 0001:00001db0       ?_Grow@?$basic_string@DU?$char_traits@D@std@@V?$allocator@D@2@@std@@IAE_NI_N@Z 00402db0 f i reducetostream.obj
 0001:00001e70       ?begin@?$vector@Vgpu_input_desc@desc@brook@@V?$allocator@Vgpu_input_desc@desc@brook@@@std@@@std@@QAE?AV?$_Vector_iterator@Vgpu_input_desc@desc@brook@@V?$allocator@Vgpu_input_desc@desc@brook@@@std@@@2@XZ 00402e70 f i reducetostream.obj
 0001:00001ea0       ?begin@?$vector@Vgpu_pass_desc@desc@brook@@V?$allocator@Vgpu_pass_desc@desc@brook@@@std@@@std@@QAE?AV?$_Vector_iterator@Vgpu_pass_desc@desc@brook@@V?$allocator@Vgpu_pass_desc@desc@brook@@@std@@@2@XZ 00402ea0 f i reducetostream.obj
 0001:00001ed0       ??$?HV?$vec@M$00@@@?$vec@M$00@@QBE?AV0@ABV0@@Z 00402ed0 f i reducetostream.obj
 0001:00001f10       ??$?HV?$vec@M$03@@@?$vec@M$03@@QBE?AV0@ABV0@@Z 00402f10 f i reducetostream.obj
 0001:00001fd0       ??$unchecked_uninitialized_fill_n@PAVgpu_input_desc@desc@brook@@IV123@V?$allocator@Vgpu_input_desc@desc@brook@@@std@@@stdext@@YAXPAVgpu_input_desc@desc@brook@@IABV123@AAV?$allocator@Vgpu_input_desc@desc@brook@@@std@@@Z 00402fd0 f i reducetostream.obj
 0001:00002000       ??$_Destroy_range@Vgpu_input_desc@desc@brook@@V?$allocator@Vgpu_input_desc@desc@brook@@@std@@@std@@YAXPAVgpu_input_desc@desc@brook@@0AAV?$allocator@Vgpu_input_desc@desc@brook@@@0@@Z 00403000 f i reducetostream.obj
 0001:00002010       ??$_Unchecked_move_backward@PAVgpu_input_desc@desc@brook@@PAV123@@stdext@@YAPAVgpu_input_desc@desc@brook@@PAV123@00@Z 00403010 f i reducetostream.obj
 0001:00002050       ??$unchecked_uninitialized_copy@V?$_Vector_const_iterator@Vgpu_input_desc@desc@brook@@V?$allocator@Vgpu_input_desc@desc@brook@@@std@@@std@@PAVgpu_input_desc@desc@brook@@V?$allocator@Vgpu_input_desc@desc@brook@@@2@@stdext@@YAPAVgpu_input_desc@desc@brook@@V?$_Vector_const_iterator@Vgpu_input_desc@desc@brook@@V?$allocator@Vgpu_input_desc@desc@brook@@@std@@@std@@0PAV123@AAV?$allocator@Vgpu_input_desc@desc@brook@@@5@@Z 00403050 f i reducetostream.obj
 0001:00002080       ??$_Uninit_move@PAVgpu_input_desc@desc@brook@@PAV123@V?$allocator@Vgpu_input_desc@desc@brook@@@std@@U_Undefined_move_tag@5@@std@@YAPAVgpu_input_desc@desc@brook@@PAV123@00AAV?$allocator@Vgpu_input_desc@desc@brook@@@0@U_Undefined_move_tag@0@U_Range_checked_iterator_tag@0@@Z 00403080 f i reducetostream.obj
 0001:000020a0       ??$_Ucopy@PAVgpu_input_desc@desc@brook@@@?$vector@Vgpu_input_desc@desc@brook@@V?$allocator@Vgpu_input_desc@desc@brook@@@std@@@std@@IAEPAVgpu_input_desc@desc@brook@@PAV234@00@Z 004030a0 f i reducetostream.obj
 0001:000020d0       ??1logic_error@std@@UAE@XZ 004030d0 f i reducetostream.obj
 0001:00002110       ?c_str@?$basic_string@DU?$char_traits@D@std@@V?$allocator@D@2@@std@@QBEPBDXZ 00403110 f i reducetostream.obj
 0001:00002120       ?what@logic_error@std@@UBEPBDXZ 00403120 f i reducetostream.obj
 0001:00002130       ??_Elogic_error@std@@UAEPAXI@Z 00403130 f i reducetostream.obj
 0001:00002130       ??_Glogic_error@std@@UAEPAXI@Z 00403130 f i reducetostream.obj
 0001:00002180       ?__foo_cpu_inner@@YAXABV?$vec@M$03@@0ABV?$__BrtArray@V?$vec@M$00@@@@AAV1@@Z 00403180 f   reducetostream.obj
 0001:000022d0       ?__foo_cpu@@YAXPAVKernel@brook@@ABV?$vector@PAXV?$allocator@PAX@std@@@std@@@Z 004032d0 f   reducetostream.obj
 0001:00002520       ?foo@@YAXVstream@brook@@Ufloat4@@00@Z 00403520 f   reducetostream.obj
 0001:000026e0       ?foo@@YAXVstream@brook@@Ufloat4@@0AAU3@@Z 004036e0 f   reducetostream.obj
 0001:00002890       ?__SUM_cpu_inner@@YAXABV?$vec@M$03@@AAV1@@Z 00403890 f   reducetostream.obj
 0001:00002940       ?__SUM_cpu@@YAXPAVKernel@brook@@ABV?$vector@PAXV?$allocator@PAX@std@@@std@@@Z 00403940 f   reducetostream.obj
 0001:00002aa0       ?SUM@@YAXVstream@brook@@0@Z 00403aa0 f   reducetostream.obj
 0001:00002c30       ?SUM@@YAXVstream@brook@@AAUfloat4@@@Z 00403c30 f   reducetostream.obj
 0001:00002db0       ?bane@@YAHXZ               00403db0 f   reducetostream.obj
 0001:00002f90       _main                      00403f90 f   reducetostream.obj
 0001:00003690       ?assign@?$basic_string@DU?$char_traits@D@std@@V?$allocator@D@2@@std@@QAEAAV12@ABV12@II@Z 00404690 f i reducetostream.obj
 0001:00003770       ?_Ufill@?$vector@Vgpu_input_desc@desc@brook@@V?$allocator@Vgpu_input_desc@desc@brook@@@std@@@std@@IAEPAVgpu_input_desc@desc@brook@@PAV345@IABV345@@Z 00404770 f i reducetostream.obj
 0001:000037b0       ?assign@?$basic_string@DU?$char_traits@D@std@@V?$allocator@D@2@@std@@QAEAAV12@PBDI@Z 004047b0 f i reducetostream.obj
 0001:00003880       ?_Destroy@?$vector@Vgpu_input_desc@desc@brook@@V?$allocator@Vgpu_input_desc@desc@brook@@@std@@@std@@IAEXPAVgpu_input_desc@desc@brook@@0@Z 00404880 f i reducetostream.obj
 0001:00003890       ??$_Ucopy@V?$_Vector_const_iterator@Vgpu_input_desc@desc@brook@@V?$allocator@Vgpu_input_desc@desc@brook@@@std@@@std@@@?$vector@Vgpu_input_desc@desc@brook@@V?$allocator@Vgpu_input_desc@desc@brook@@@std@@@std@@IAEPAVgpu_input_desc@desc@brook@@V?$_Vector_const_iterator@Vgpu_input_desc@desc@brook@@V?$allocator@Vgpu_input_desc@desc@brook@@@std@@@1@0PAV234@@Z 00404890 f i reducetostream.obj
 0001:000038c0       ??$_Unchecked_uninitialized_move@PAVgpu_input_desc@desc@brook@@PAV123@V?$allocator@Vgpu_input_desc@desc@brook@@@std@@@stdext@@YAPAVgpu_input_desc@desc@brook@@PAV123@00AAV?$allocator@Vgpu_input_desc@desc@brook@@@std@@@Z 004048c0 f i reducetostream.obj
 0001:000038f0       ?erase@?$vector@Vgpu_input_desc@desc@brook@@V?$allocator@Vgpu_input_desc@desc@brook@@@std@@@std@@QAE?AV?$_Vector_iterator@Vgpu_input_desc@desc@brook@@V?$allocator@Vgpu_input_desc@desc@brook@@@std@@@2@V32@0@Z 004048f0 f i reducetostream.obj
 0001:00003960       ??0?$basic_string@DU?$char_traits@D@std@@V?$allocator@D@2@@std@@QAE@ABV01@@Z 00404960 f i reducetostream.obj
 0001:00003990       ?assign@?$basic_string@DU?$char_traits@D@std@@V?$allocator@D@2@@std@@QAEAAV12@PBD@Z 00404990 f i reducetostream.obj
 0001:000039c0       ?_Tidy@?$vector@Vgpu_input_desc@desc@brook@@V?$allocator@Vgpu_input_desc@desc@brook@@@std@@@std@@IAEXXZ 004049c0 f i reducetostream.obj
 0001:000039f0       ??$_Umove@PAVgpu_input_desc@desc@brook@@@?$vector@Vgpu_input_desc@desc@brook@@V?$allocator@Vgpu_input_desc@desc@brook@@@std@@@std@@IAEPAVgpu_input_desc@desc@brook@@PAV234@00@Z 004049f0 f i reducetostream.obj
 0001:00003a20       ?clear@?$vector@Vgpu_input_desc@desc@brook@@V?$allocator@Vgpu_input_desc@desc@brook@@@std@@@std@@QAEXXZ 00404a20 f i reducetostream.obj
 0001:00003a60       ??0logic_error@std@@QAE@ABV?$basic_string@DU?$char_traits@D@std@@V?$allocator@D@2@@1@@Z 00404a60 f i reducetostream.obj
 0001:00003ad0       ??0length_error@std@@QAE@ABV?$basic_string@DU?$char_traits@D@std@@V?$allocator@D@2@@1@@Z 00404ad0 f i reducetostream.obj
 0001:00003af0       ??1length_error@std@@UAE@XZ 00404af0 f i reducetostream.obj
 0001:00003b30       ??_Glength_error@std@@UAEPAXI@Z 00404b30 f i reducetostream.obj
 0001:00003b30       ??_Elength_error@std@@UAEPAXI@Z 00404b30 f i reducetostream.obj
 0001:00003b80       ??0?$basic_string@DU?$char_traits@D@std@@V?$allocator@D@2@@std@@QAE@PBD@Z 00404b80 f i reducetostream.obj
 0001:00003bc0       ??1?$vector@Vgpu_input_desc@desc@brook@@V?$allocator@Vgpu_input_desc@desc@brook@@@std@@@std@@QAE@XZ 00404bc0 f i reducetostream.obj
 0001:00003bf0       ?_Xlen@?$vector@Vgpu_input_desc@desc@brook@@V?$allocator@Vgpu_input_desc@desc@brook@@@std@@@std@@KAXXZ 00404bf0 f i reducetostream.obj
 0001:00003c70       ??0logic_error@std@@QAE@ABV01@@Z 00404c70 f i reducetostream.obj
 0001:00003cf0       ?_Xlen@?$vector@Vgpu_pass_desc@desc@brook@@V?$allocator@Vgpu_pass_desc@desc@brook@@@std@@@std@@KAXXZ 00404cf0 f i reducetostream.obj
 0001:00003d70       ?_Xlen@?$vector@Vgpu_technique_desc@desc@brook@@V?$allocator@Vgpu_technique_desc@desc@brook@@@std@@@std@@KAXXZ 00404d70 f i reducetostream.obj
 0001:00003df0       ??0length_error@std@@QAE@ABV01@@Z 00404df0 f i reducetostream.obj
 0001:00003e10       ??1gpu_pass_desc@desc@brook@@QAE@XZ 00404e10 f i reducetostream.obj
 0001:00003e80       ?_Buy@?$vector@Vgpu_input_desc@desc@brook@@V?$allocator@Vgpu_input_desc@desc@brook@@@std@@@std@@IAE_NI@Z 00404e80 f i reducetostream.obj
 0001:00003ed0       ?_Buy@?$vector@Vgpu_pass_desc@desc@brook@@V?$allocator@Vgpu_pass_desc@desc@brook@@@std@@@std@@IAE_NI@Z 00404ed0 f i reducetostream.obj
 0001:00003f20       ?_Buy@?$vector@Vgpu_technique_desc@desc@brook@@V?$allocator@Vgpu_technique_desc@desc@brook@@@std@@@std@@IAE_NI@Z 00404f20 f i reducetostream.obj
 0001:00003f80       ?_Insert_n@?$vector@Vgpu_input_desc@desc@brook@@V?$allocator@Vgpu_input_desc@desc@brook@@@std@@@std@@IAEXV?$_Vector_iterator@Vgpu_input_desc@desc@brook@@V?$allocator@Vgpu_input_desc@desc@brook@@@std@@@2@IABVgpu_input_desc@desc@brook@@@Z 00404f80 f i reducetostream.obj
 0001:000041e0       ??0?$vector@Vgpu_input_desc@desc@brook@@V?$allocator@Vgpu_input_desc@desc@brook@@@std@@@std@@QAE@ABV01@@Z 004051e0 f i reducetostream.obj
 0001:000042d0       ??4?$vector@Vgpu_input_desc@desc@brook@@V?$allocator@Vgpu_input_desc@desc@brook@@@std@@@std@@QAEAAV01@ABV01@@Z 004052d0 f i reducetostream.obj
 0001:00004400       ??_Ggpu_pass_desc@desc@brook@@QAEPAXI@Z 00405400 f i reducetostream.obj
 0001:00004420       ??0?$vector@Vgpu_input_desc@desc@brook@@V?$allocator@Vgpu_input_desc@desc@brook@@@std@@@std@@QAE@XZ 00405420 f i reducetostream.obj
 0001:00004430       ??0?$vector@Vgpu_pass_desc@desc@brook@@V?$allocator@Vgpu_pass_desc@desc@brook@@@std@@@std@@QAE@XZ 00405430 f i reducetostream.obj
 0001:00004440       ??0?$vector@Vgpu_technique_desc@desc@brook@@V?$allocator@Vgpu_technique_desc@desc@brook@@@std@@@std@@QAE@XZ 00405440 f i reducetostream.obj
 0001:00004450       ?insert@?$vector@Vgpu_input_desc@desc@brook@@V?$allocator@Vgpu_input_desc@desc@brook@@@std@@@std@@QAE?AV?$_Vector_iterator@Vgpu_input_desc@desc@brook@@V?$allocator@Vgpu_input_desc@desc@brook@@@std@@@2@V32@ABVgpu_input_desc@desc@brook@@@Z 00405450 f i reducetostream.obj
 0001:000044e0       ??0gpu_pass_desc@desc@brook@@QAE@ABV012@@Z 004054e0 f i reducetostream.obj
 0001:00004570       ??4gpu_pass_desc@desc@brook@@QAEAAV012@ABV012@@Z 00405570 f i reducetostream.obj
 0001:000045c0       ??$_Construct@Vgpu_pass_desc@desc@brook@@V123@@std@@YAXPAVgpu_pass_desc@desc@brook@@ABV123@@Z 004055c0 f i reducetostream.obj
 0001:00004620       ??$_Destroy@Vgpu_pass_desc@desc@brook@@@std@@YAXPAVgpu_pass_desc@desc@brook@@@Z 00405620 f i reducetostream.obj
 0001:00004630       ??$_Copy_backward_opt@PAVgpu_pass_desc@desc@brook@@PAV123@Uforward_iterator_tag@std@@@std@@YAPAVgpu_pass_desc@desc@brook@@PAV123@00Uforward_iterator_tag@0@U_Nonscalar_ptr_iterator_tag@0@U_Range_checked_iterator_tag@0@@Z 00405630 f i reducetostream.obj
 0001:00004690       ??$_Copy_opt@PAVgpu_pass_desc@desc@brook@@PAV123@Uforward_iterator_tag@std@@@std@@YAPAVgpu_pass_desc@desc@brook@@PAV123@00Uforward_iterator_tag@0@U_Nonscalar_ptr_iterator_tag@0@U_Range_checked_iterator_tag@0@@Z 00405690 f i reducetostream.obj
 0001:000046f0       ??0gpu_pass_desc@desc@brook@@QAE@PBD@Z 004056f0 f i reducetostream.obj
 0001:00004760       ?push_back@?$vector@Vgpu_input_desc@desc@brook@@V?$allocator@Vgpu_input_desc@desc@brook@@@std@@@std@@QAEXABVgpu_input_desc@desc@brook@@@Z 00405760 f i reducetostream.obj
 0001:000047f0       ??$_Fill@PAVgpu_pass_desc@desc@brook@@V123@@std@@YAXPAVgpu_pass_desc@desc@brook@@0ABV123@@Z 004057f0 f i reducetostream.obj
 0001:00004850       ?construct@?$allocator@Vgpu_pass_desc@desc@brook@@@std@@QAEXPAVgpu_pass_desc@desc@brook@@ABV345@@Z 00405850 f i reducetostream.obj
 0001:00004870       ?destroy@?$allocator@Vgpu_pass_desc@desc@brook@@@std@@QAEXPAVgpu_pass_desc@desc@brook@@@Z 00405870 f i reducetostream.obj
 0001:00004880       ??$_Copy_backward_opt@PAVgpu_pass_desc@desc@brook@@PAV123@@std@@YAPAVgpu_pass_desc@desc@brook@@PAV123@00Urandom_access_iterator_tag@0@U_Nonscalar_ptr_iterator_tag@0@U_Range_checked_iterator_tag@0@@Z 00405880 f i reducetostream.obj
 0001:000048e0       ??$_Uninit_copy@PBVgpu_pass_desc@desc@brook@@PAV123@V?$allocator@Vgpu_pass_desc@desc@brook@@@std@@@std@@YAPAVgpu_pass_desc@desc@brook@@PBV123@0PAV123@AAV?$allocator@Vgpu_pass_desc@desc@brook@@@0@U_Nonscalar_ptr_iterator_tag@0@U_Range_checked_iterator_tag@0@@Z 004058e0 f i reducetostream.obj
 0001:00004980       ??$_Copy_opt@PAVgpu_pass_desc@desc@brook@@PAV123@@std@@YAPAVgpu_pass_desc@desc@brook@@PAV123@00Urandom_access_iterator_tag@0@U_Nonscalar_ptr_iterator_tag@0@U_Range_checked_iterator_tag@0@@Z 00405980 f i reducetostream.obj
 0001:000049e0       ??$_Uninit_copy@PAVgpu_pass_desc@desc@brook@@PAV123@V?$allocator@Vgpu_pass_desc@desc@brook@@@std@@@std@@YAPAVgpu_pass_desc@desc@brook@@PAV123@00AAV?$allocator@Vgpu_pass_desc@desc@brook@@@0@U_Nonscalar_ptr_iterator_tag@0@U_Range_checked_iterator_tag@0@@Z 004059e0 f i reducetostream.obj
 0001:00004a80       ?constant@gpu_pass_desc@desc@brook@@QAEAAV123@HH@Z 00405a80 f i reducetostream.obj
 0001:00004ab0       ?sampler@gpu_pass_desc@desc@brook@@QAEAAV123@HH@Z 00405ab0 f i reducetostream.obj
 0001:00004ae0       ?interpolant@gpu_pass_desc@desc@brook@@QAEAAV123@HH@Z 00405ae0 f i reducetostream.obj
 0001:00004b10       ?output@gpu_pass_desc@desc@brook@@QAEAAV123@HH@Z 00405b10 f i reducetostream.obj
 0001:00004b40       ??$fill@PAVgpu_pass_desc@desc@brook@@V123@@std@@YAXPAVgpu_pass_desc@desc@brook@@0ABV123@@Z 00405b40 f i reducetostream.obj
 0001:00004b50       ??$_Uninit_fill_n@PAVgpu_pass_desc@desc@brook@@IV123@V?$allocator@Vgpu_pass_desc@desc@brook@@@std@@@std@@YAXPAVgpu_pass_desc@desc@brook@@IABV123@AAV?$allocator@Vgpu_pass_desc@desc@brook@@@0@U_Nonscalar_ptr_iterator_tag@0@U_Range_checked_iterator_tag@0@@Z 00405b50 f i reducetostream.obj
 0001:00004bf0       ??$_Destroy_range@Vgpu_pass_desc@desc@brook@@V?$allocator@Vgpu_pass_desc@desc@brook@@@std@@@std@@YAXPAVgpu_pass_desc@desc@brook@@0AAV?$allocator@Vgpu_pass_desc@desc@brook@@@0@U_Nonscalar_ptr_iterator_tag@0@@Z 00405bf0 f i reducetostream.obj
 0001:00004c20       ??$_Move_backward_opt@PAVgpu_pass_desc@desc@brook@@PAV123@Urandom_access_iterator_tag@std@@U_Undefined_move_tag@5@@std@@YAPAVgpu_pass_desc@desc@brook@@PAV123@00Urandom_access_iterator_tag@0@U_Undefined_move_tag@0@U_Range_checked_iterator_tag@0@@Z 00405c20 f i reducetostream.obj
 0001:00004c40       ??$unchecked_uninitialized_copy@V?$_Vector_const_iterator@Vgpu_pass_desc@desc@brook@@V?$allocator@Vgpu_pass_desc@desc@brook@@@std@@@std@@PAVgpu_pass_desc@desc@brook@@V?$allocator@Vgpu_pass_desc@desc@brook@@@2@@stdext@@YAPAVgpu_pass_desc@desc@brook@@V?$_Vector_const_iterator@Vgpu_pass_desc@desc@brook@@V?$allocator@Vgpu_pass_desc@desc@brook@@@std@@@std@@0PAV123@AAV?$allocator@Vgpu_pass_desc@desc@brook@@@5@@Z 00405c40 f i reducetostream.obj
 0001:00004c70       ??$unchecked_copy@PAVgpu_pass_desc@desc@brook@@PAV123@@stdext@@YAPAVgpu_pass_desc@desc@brook@@PAV123@00@Z 00405c70 f i reducetostream.obj
 0001:00004ca0       ??$unchecked_uninitialized_copy@PAVgpu_pass_desc@desc@brook@@PAV123@V?$allocator@Vgpu_pass_desc@desc@brook@@@std@@@stdext@@YAPAVgpu_pass_desc@desc@brook@@PAV123@00AAV?$allocator@Vgpu_pass_desc@desc@brook@@@std@@@Z 00405ca0 f i reducetostream.obj
 0001:00004cd0       ??$unchecked_uninitialized_fill_n@PAVgpu_pass_desc@desc@brook@@IV123@V?$allocator@Vgpu_pass_desc@desc@brook@@@std@@@stdext@@YAXPAVgpu_pass_desc@desc@brook@@IABV123@AAV?$allocator@Vgpu_pass_desc@desc@brook@@@std@@@Z 00405cd0 f i reducetostream.obj
 0001:00004d00       ??$_Destroy_range@Vgpu_pass_desc@desc@brook@@V?$allocator@Vgpu_pass_desc@desc@brook@@@std@@@std@@YAXPAVgpu_pass_desc@desc@brook@@0AAV?$allocator@Vgpu_pass_desc@desc@brook@@@0@@Z 00405d00 f i reducetostream.obj
 0001:00004d30       ??$_Unchecked_move_backward@PAVgpu_pass_desc@desc@brook@@PAV123@@stdext@@YAPAVgpu_pass_desc@desc@brook@@PAV123@00@Z 00405d30 f i reducetostream.obj
 0001:00004d60       ??$_Ucopy@V?$_Vector_const_iterator@Vgpu_pass_desc@desc@brook@@V?$allocator@Vgpu_pass_desc@desc@brook@@@std@@@std@@@?$vector@Vgpu_pass_desc@desc@brook@@V?$allocator@Vgpu_pass_desc@desc@brook@@@std@@@std@@IAEPAVgpu_pass_desc@desc@brook@@V?$_Vector_const_iterator@Vgpu_pass_desc@desc@brook@@V?$allocator@Vgpu_pass_desc@desc@brook@@@std@@@1@0PAV234@@Z 00405d60 f i reducetostream.obj
 0001:00004d90       ??$_Uninit_move@PAVgpu_pass_desc@desc@brook@@PAV123@V?$allocator@Vgpu_pass_desc@desc@brook@@@std@@U_Undefined_move_tag@5@@std@@YAPAVgpu_pass_desc@desc@brook@@PAV123@00AAV?$allocator@Vgpu_pass_desc@desc@brook@@@0@U_Undefined_move_tag@0@U_Range_checked_iterator_tag@0@@Z 00405d90 f i reducetostream.obj
 0001:00004db0       ??$_Ucopy@PAVgpu_pass_desc@desc@brook@@@?$vector@Vgpu_pass_desc@desc@brook@@V?$allocator@Vgpu_pass_desc@desc@brook@@@std@@@std@@IAEPAVgpu_pass_desc@desc@brook@@PAV234@00@Z 00405db0 f i reducetostream.obj
 0001:00004de0       ?_Ufill@?$vector@Vgpu_pass_desc@desc@brook@@V?$allocator@Vgpu_pass_desc@desc@brook@@@std@@@std@@IAEPAVgpu_pass_desc@desc@brook@@PAV345@IABV345@@Z 00405de0 f i reducetostream.obj
 0001:00004e20       ?_Destroy@?$vector@Vgpu_pass_desc@desc@brook@@V?$allocator@Vgpu_pass_desc@desc@brook@@@std@@@std@@IAEXPAVgpu_pass_desc@desc@brook@@0@Z 00405e20 f i reducetostream.obj
 0001:00004e50       ??$_Unchecked_uninitialized_move@PAVgpu_pass_desc@desc@brook@@PAV123@V?$allocator@Vgpu_pass_desc@desc@brook@@@std@@@stdext@@YAPAVgpu_pass_desc@desc@brook@@PAV123@00AAV?$allocator@Vgpu_pass_desc@desc@brook@@@std@@@Z 00405e50 f i reducetostream.obj
 0001:00004e80       ?erase@?$vector@Vgpu_pass_desc@desc@brook@@V?$allocator@Vgpu_pass_desc@desc@brook@@@std@@@std@@QAE?AV?$_Vector_iterator@Vgpu_pass_desc@desc@brook@@V?$allocator@Vgpu_pass_desc@desc@brook@@@std@@@2@V32@0@Z 00405e80 f i reducetostream.obj
 0001:00004f00       ?_Tidy@?$vector@Vgpu_pass_desc@desc@brook@@V?$allocator@Vgpu_pass_desc@desc@brook@@@std@@@std@@IAEXXZ 00405f00 f i reducetostream.obj
 0001:00004f50       ??0?$vector@Vgpu_pass_desc@desc@brook@@V?$allocator@Vgpu_pass_desc@desc@brook@@@std@@@std@@QAE@ABV01@@Z 00405f50 f i reducetostream.obj
 0001:00005020       ??$_Umove@PAVgpu_pass_desc@desc@brook@@@?$vector@Vgpu_pass_desc@desc@brook@@V?$allocator@Vgpu_pass_desc@desc@brook@@@std@@@std@@IAEPAVgpu_pass_desc@desc@brook@@PAV234@00@Z 00406020 f i reducetostream.obj
 0001:00005050       ?clear@?$vector@Vgpu_pass_desc@desc@brook@@V?$allocator@Vgpu_pass_desc@desc@brook@@@std@@@std@@QAEXXZ 00406050 f i reducetostream.obj
 0001:00005090       ??1?$vector@Vgpu_pass_desc@desc@brook@@V?$allocator@Vgpu_pass_desc@desc@brook@@@std@@@std@@QAE@XZ 00406090 f i reducetostream.obj
 0001:000050a0       ?_Insert_n@?$vector@Vgpu_pass_desc@desc@brook@@V?$allocator@Vgpu_pass_desc@desc@brook@@@std@@@std@@IAEXV?$_Vector_iterator@Vgpu_pass_desc@desc@brook@@V?$allocator@Vgpu_pass_desc@desc@brook@@@std@@@2@IABVgpu_pass_desc@desc@brook@@@Z 004060a0 f i reducetostream.obj
 0001:000053a0       ??0gpu_technique_desc@desc@brook@@QAE@ABV012@@Z 004063a0 f i reducetostream.obj
 0001:000053d0       ??4?$vector@Vgpu_pass_desc@desc@brook@@V?$allocator@Vgpu_pass_desc@desc@brook@@@std@@@std@@QAEAAV01@ABV01@@Z 004063d0 f i reducetostream.obj
 0001:00005550       ??$_Construct@Vgpu_technique_desc@desc@brook@@V123@@std@@YAXPAVgpu_technique_desc@desc@brook@@ABV123@@Z 00406550 f i reducetostream.obj
 0001:000055d0       ??0gpu_technique_desc@desc@brook@@QAE@XZ 004065d0 f i reducetostream.obj
 0001:000055f0       ??1gpu_technique_desc@desc@brook@@QAE@XZ 004065f0 f i reducetostream.obj
 0001:00005600       ?insert@?$vector@Vgpu_pass_desc@desc@brook@@V?$allocator@Vgpu_pass_desc@desc@brook@@@std@@@std@@QAE?AV?$_Vector_iterator@Vgpu_pass_desc@desc@brook@@V?$allocator@Vgpu_pass_desc@desc@brook@@@std@@@2@V32@ABVgpu_pass_desc@desc@brook@@@Z 00406600 f i reducetostream.obj
 0001:000056b0       ??4gpu_technique_desc@desc@brook@@QAEAAV012@ABV012@@Z 004066b0 f i reducetostream.obj
 0001:000056e0       ?construct@?$allocator@Vgpu_technique_desc@desc@brook@@@std@@QAEXPAVgpu_technique_desc@desc@brook@@ABV345@@Z 004066e0 f i reducetostream.obj
 0001:00005700       ??_Ggpu_technique_desc@desc@brook@@QAEPAXI@Z 00406700 f i reducetostream.obj
 0001:00005730       ??$_Copy_backward_opt@PAVgpu_technique_desc@desc@brook@@PAV123@Uforward_iterator_tag@std@@@std@@YAPAVgpu_technique_desc@desc@brook@@PAV123@00Uforward_iterator_tag@0@U_Nonscalar_ptr_iterator_tag@0@U_Range_checked_iterator_tag@0@@Z 00406730 f i reducetostream.obj
 0001:00005780       ?push_back@?$vector@Vgpu_pass_desc@desc@brook@@V?$allocator@Vgpu_pass_desc@desc@brook@@@std@@@std@@QAEXABVgpu_pass_desc@desc@brook@@@Z 00406780 f i reducetostream.obj
 0001:00005820       ??$_Fill@PAVgpu_technique_desc@desc@brook@@V123@@std@@YAXPAVgpu_technique_desc@desc@brook@@0ABV123@@Z 00406820 f i reducetostream.obj
 0001:00005870       ??$_Copy_backward_opt@PAVgpu_technique_desc@desc@brook@@PAV123@@std@@YAPAVgpu_technique_desc@desc@brook@@PAV123@00Urandom_access_iterator_tag@0@U_Nonscalar_ptr_iterator_tag@0@U_Range_checked_iterator_tag@0@@Z 00406870 f i reducetostream.obj
 0001:000058e0       ??$_Destroy@Vgpu_technique_desc@desc@brook@@@std@@YAXPAVgpu_technique_desc@desc@brook@@@Z 004068e0 f i reducetostream.obj
 0001:000058f0       ?pass@gpu_technique_desc@desc@brook@@QAEAAV123@ABVgpu_pass_desc@23@@Z 004068f0 f i reducetostream.obj
 0001:00005910       ??$fill@PAVgpu_technique_desc@desc@brook@@V123@@std@@YAXPAVgpu_technique_desc@desc@brook@@0ABV123@@Z 00406910 f i reducetostream.obj
 0001:00005920       ??$_Move_backward_opt@PAVgpu_technique_desc@desc@brook@@PAV123@Urandom_access_iterator_tag@std@@U_Undefined_move_tag@5@@std@@YAPAVgpu_technique_desc@desc@brook@@PAV123@00Urandom_access_iterator_tag@0@U_Undefined_move_tag@0@U_Range_checked_iterator_tag@0@@Z 00406920 f i reducetostream.obj
 0001:00005940       ?destroy@?$allocator@Vgpu_technique_desc@desc@brook@@@std@@QAEXPAVgpu_technique_desc@desc@brook@@@Z 00406940 f i reducetostream.obj
 0001:00005950       ??$_Uninit_copy@PBVgpu_technique_desc@desc@brook@@PAV123@V?$allocator@Vgpu_technique_desc@desc@brook@@@std@@@std@@YAPAVgpu_technique_desc@desc@brook@@PBV123@0PAV123@AAV?$allocator@Vgpu_technique_desc@desc@brook@@@0@U_Nonscalar_ptr_iterator_tag@0@U_Range_checked_iterator_tag@0@@Z 00406950 f i reducetostream.obj
 0001:000059e0       ??$_Uninit_copy@PAVgpu_technique_desc@desc@brook@@PAV123@V?$allocator@Vgpu_technique_desc@desc@brook@@@std@@@std@@YAPAVgpu_technique_desc@desc@brook@@PAV123@00AAV?$allocator@Vgpu_technique_desc@desc@brook@@@0@U_Nonscalar_ptr_iterator_tag@0@U_Range_checked_iterator_tag@0@@Z 004069e0 f i reducetostream.obj
 0001:00005a70       ??$_Unchecked_move_backward@PAVgpu_technique_desc@desc@brook@@PAV123@@stdext@@YAPAVgpu_technique_desc@desc@brook@@PAV123@00@Z 00406a70 f i reducetostream.obj
 0001:00005aa0       ??$unchecked_uninitialized_copy@V?$_Vector_const_iterator@Vgpu_technique_desc@desc@brook@@V?$allocator@Vgpu_technique_desc@desc@brook@@@std@@@std@@PAVgpu_technique_desc@desc@brook@@V?$allocator@Vgpu_technique_desc@desc@brook@@@2@@stdext@@YAPAVgpu_technique_desc@desc@brook@@V?$_Vector_const_iterator@Vgpu_technique_desc@desc@brook@@V?$allocator@Vgpu_technique_desc@desc@brook@@@std@@@std@@0PAV123@AAV?$allocator@Vgpu_technique_desc@desc@brook@@@5@@Z 00406aa0 f i reducetostream.obj
 0001:00005ad0       ??$_Uninit_fill_n@PAVgpu_technique_desc@desc@brook@@IV123@V?$allocator@Vgpu_technique_desc@desc@brook@@@std@@@std@@YAXPAVgpu_technique_desc@desc@brook@@IABV123@AAV?$allocator@Vgpu_technique_desc@desc@brook@@@0@U_Nonscalar_ptr_iterator_tag@0@U_Range_checked_iterator_tag@0@@Z 00406ad0 f i reducetostream.obj
 0001:00005b60       ??$_Destroy_range@Vgpu_technique_desc@desc@brook@@V?$allocator@Vgpu_technique_desc@desc@brook@@@std@@@std@@YAXPAVgpu_technique_desc@desc@brook@@0AAV?$allocator@Vgpu_technique_desc@desc@brook@@@0@U_Nonscalar_ptr_iterator_tag@0@@Z 00406b60 f i reducetostream.obj
 0001:00005c50       ??$unchecked_uninitialized_copy@PAVgpu_technique_desc@desc@brook@@PAV123@V?$allocator@Vgpu_technique_desc@desc@brook@@@std@@@stdext@@YAPAVgpu_technique_desc@desc@brook@@PAV123@00AAV?$allocator@Vgpu_technique_desc@desc@brook@@@std@@@Z 00406c50 f i reducetostream.obj
 0001:00005c80       ??$_Ucopy@V?$_Vector_const_iterator@Vgpu_technique_desc@desc@brook@@V?$allocator@Vgpu_technique_desc@desc@brook@@@std@@@std@@@?$vector@Vgpu_technique_desc@desc@brook@@V?$allocator@Vgpu_technique_desc@desc@brook@@@std@@@std@@IAEPAVgpu_technique_desc@desc@brook@@V?$_Vector_const_iterator@Vgpu_technique_desc@desc@brook@@V?$allocator@Vgpu_technique_desc@desc@brook@@@std@@@1@0PAV234@@Z 00406c80 f i reducetostream.obj
 0001:00005cb0       ??$unchecked_uninitialized_fill_n@PAVgpu_technique_desc@desc@brook@@IV123@V?$allocator@Vgpu_technique_desc@desc@brook@@@std@@@stdext@@YAXPAVgpu_technique_desc@desc@brook@@IABV123@AAV?$allocator@Vgpu_technique_desc@desc@brook@@@std@@@Z 00406cb0 f i reducetostream.obj
 0001:00005ce0       ??$_Destroy_range@Vgpu_technique_desc@desc@brook@@V?$allocator@Vgpu_technique_desc@desc@brook@@@std@@@std@@YAXPAVgpu_technique_desc@desc@brook@@0AAV?$allocator@Vgpu_technique_desc@desc@brook@@@0@@Z 00406ce0 f i reducetostream.obj
 0001:00005d00       ??$_Uninit_move@PAVgpu_technique_desc@desc@brook@@PAV123@V?$allocator@Vgpu_technique_desc@desc@brook@@@std@@U_Undefined_move_tag@5@@std@@YAPAVgpu_technique_desc@desc@brook@@PAV123@00AAV?$allocator@Vgpu_technique_desc@desc@brook@@@0@U_Undefined_move_tag@0@U_Range_checked_iterator_tag@0@@Z 00406d00 f i reducetostream.obj
 0001:00005d20       ?_Ufill@?$vector@Vgpu_technique_desc@desc@brook@@V?$allocator@Vgpu_technique_desc@desc@brook@@@std@@@std@@IAEPAVgpu_technique_desc@desc@brook@@PAV345@IABV345@@Z 00406d20 f i reducetostream.obj
 0001:00005d60       ?_Destroy@?$vector@Vgpu_technique_desc@desc@brook@@V?$allocator@Vgpu_technique_desc@desc@brook@@@std@@@std@@IAEXPAVgpu_technique_desc@desc@brook@@0@Z 00406d60 f i reducetostream.obj
 0001:00005d80       ??$_Unchecked_uninitialized_move@PAVgpu_technique_desc@desc@brook@@PAV123@V?$allocator@Vgpu_technique_desc@desc@brook@@@std@@@stdext@@YAPAVgpu_technique_desc@desc@brook@@PAV123@00AAV?$allocator@Vgpu_technique_desc@desc@brook@@@std@@@Z 00406d80 f i reducetostream.obj
 0001:00005db0       ?_Tidy@?$vector@Vgpu_technique_desc@desc@brook@@V?$allocator@Vgpu_technique_desc@desc@brook@@@std@@@std@@IAEXXZ 00406db0 f i reducetostream.obj
 0001:00005df0       ??$_Umove@PAVgpu_technique_desc@desc@brook@@@?$vector@Vgpu_technique_desc@desc@brook@@V?$allocator@Vgpu_technique_desc@desc@brook@@@std@@@std@@IAEPAVgpu_technique_desc@desc@brook@@PAV234@00@Z 00406df0 f i reducetostream.obj
 0001:00005e20       ??0?$vector@Vgpu_technique_desc@desc@brook@@V?$allocator@Vgpu_technique_desc@desc@brook@@@std@@@std@@QAE@ABV01@@Z 00406e20 f i reducetostream.obj
 0001:00005ef0       ??1?$vector@Vgpu_technique_desc@desc@brook@@V?$allocator@Vgpu_technique_desc@desc@brook@@@std@@@std@@QAE@XZ 00406ef0 f i reducetostream.obj
 0001:00005f30       ?_Insert_n@?$vector@Vgpu_technique_desc@desc@brook@@V?$allocator@Vgpu_technique_desc@desc@brook@@@std@@@std@@IAEXV?$_Vector_iterator@Vgpu_technique_desc@desc@brook@@V?$allocator@Vgpu_technique_desc@desc@brook@@@std@@@2@IABVgpu_technique_desc@desc@brook@@@Z 00406f30 f i reducetostream.obj
 0001:00006260       ??0gpu_kernel_desc@desc@brook@@QAE@XZ 00407260 f i reducetostream.obj
 0001:00006270       ??1gpu_kernel_desc@desc@brook@@QAE@XZ 00407270 f i reducetostream.obj
 0001:000062b0       ??0gpu_kernel_desc@desc@brook@@QAE@ABV012@@Z 004072b0 f i reducetostream.obj
 0001:000062d0       ?insert@?$vector@Vgpu_technique_desc@desc@brook@@V?$allocator@Vgpu_technique_desc@desc@brook@@@std@@@std@@QAE?AV?$_Vector_iterator@Vgpu_technique_desc@desc@brook@@V?$allocator@Vgpu_technique_desc@desc@brook@@@std@@@2@V32@ABVgpu_technique_desc@desc@brook@@@Z 004072d0 f i reducetostream.obj
 0001:00006390       ?push_back@?$vector@Vgpu_technique_desc@desc@brook@@V?$allocator@Vgpu_technique_desc@desc@brook@@@std@@@std@@QAEXABVgpu_technique_desc@desc@brook@@@Z 00407390 f i reducetostream.obj
 0001:00006440       ?technique@gpu_kernel_desc@desc@brook@@QAEAAV123@ABVgpu_technique_desc@23@@Z 00407440 f i reducetostream.obj
 0001:00006460       ?to_int_type@?$char_traits@D@std@@SAHABD@Z 00407460 f i brook:brt.obj
 0001:00006470       ?eq_int_type@?$char_traits@D@std@@SA_NABH0@Z 00407470 f i brook:brt.obj
 0001:00006490       ?eof@?$char_traits@D@std@@SAHXZ 00407490 f i brook:brt.obj
 0001:000064a0       ?rdstate@ios_base@std@@QBEHXZ 004074a0 f i brook:brt.obj
 0001:000064b0       ?good@ios_base@std@@QBE_NXZ 004074b0 f i brook:brt.obj
 0001:000064c0       ?fail@ios_base@std@@QBE_NXZ 004074c0 f i brook:brt.obj
 0001:000064d0       ?flags@ios_base@std@@QBEHXZ 004074d0 f i brook:brt.obj
 0001:000064e0       ?width@ios_base@std@@QBEHXZ 004074e0 f i brook:brt.obj
 0001:000064f0       ?width@ios_base@std@@QAEHH@Z 004074f0 f i brook:brt.obj
 0001:00006500       _fabsf                     00407500 f i brook:brt.obj
 0001:00006510       _floorf                    00407510 f i brook:brt.obj
 0001:00006530       ?fabs@@YAMM@Z              00407530 f i brook:brt.obj
 0001:00006540       ?floor@@YAMM@Z             00407540 f i brook:brt.obj
 0001:00006560       ?acquireReference@StreamInterface@brook@@QAEXXZ 00407560 f i brook:brt.obj
 0001:00006570       ?releaseReference@StreamInterface@brook@@QAEXXZ 00407570 f i brook:brt.obj
 0001:00006580       ??Biter@brook@@QBEPAVIter@1@XZ 00407580 f i brook:brt.obj
 0001:000065a0       ??0LogWriter@internal@brook@@QAE@H@Z 004075a0 f i brook:brt.obj
 0001:000065d0       ??1LogWriter@internal@brook@@QAE@XZ 004075d0 f i brook:brt.obj
 0001:000065e0       ??BLogWriter@internal@brook@@QAE_NXZ 004075e0 f i brook:brt.obj
 0001:000065f0       ??DLogWriter@internal@brook@@QAEAAV?$basic_ostream@DU?$char_traits@D@std@@@std@@XZ 004075f0 f i brook:brt.obj
 0001:00006600       ?finite_flt@@YAMM@Z        00407600 f i brook:brt.obj
 0001:00006630       ?isnan_flt@@YAMM@Z         00407630 f i brook:brt.obj
 0001:00006680       ?GetInstanceRef@Runtime@brook@@CAAAPAV12@XZ 00407680 f   brook:brt.obj
 0001:00006690       ?getIndexedFieldRenderData@StreamInterface@brook@@UAEPAXI@Z 00407690 f   brook:brt.obj
 0001:000066a0       ?synchronizeRenderData@StreamInterface@brook@@UAEXXZ 004076a0 f   brook:brt.obj
 0001:000066b0       ?getElementSize@brook@@YAIW4StreamType@1@@Z 004076b0 f   brook:brt.obj
 0001:00006730       ?getElementSize@StreamInterface@brook@@QBEIXZ 00407730 f   brook:brt.obj
 0001:00006770       ?readItem@StreamInterface@brook@@UAEXPAXPAI@Z 00407770 f   brook:brt.obj
 0001:000067c0       ?fetchItemPtr@StreamInterface@brook@@UAEPAXPAXPAI@Z 004077c0 f   brook:brt.obj
 0001:00006840       ??0stream@brook@@QAE@XZ    00407840 f   brook:brt.obj
 0001:00006850       ??0stream@brook@@QAE@ABV01@@Z 00407850 f   brook:brt.obj
 0001:00006870       ??4stream@brook@@QAEAAV01@ABV01@@Z 00407870 f   brook:brt.obj
 0001:000068a0       ??1stream@brook@@QAE@XZ    004078a0 f   brook:brt.obj
 0001:000068c0       ?getSentinel@brook@@YAMXZ  004078c0 f   brook:brt.obj
 0001:000068d0       ??_Gstream@brook@@QAEPAXI@Z 004078d0 f i brook:brt.obj
 0001:00006900       ?streamPrint@@YAXPAVStreamInterface@brook@@_N@Z 00407900 f   brook:brt.obj
 0001:00006b30       ?__streamGatherOrScatterOp@@YAXPAVStreamInterface@brook@@00P6AXPAX1@Z_N@Z 00407b30 f   brook:brt.obj
 0001:00006e80       ??6?$basic_ostream@DU?$char_traits@D@std@@@std@@QAEAAV01@P6AAAV01@AAV01@@Z@Z 00407e80 f i brook:brt.obj
 0001:00006e90       ?rdbuf@?$basic_ios@DU?$char_traits@D@std@@@std@@QBEPAV?$basic_streambuf@DU?$char_traits@D@std@@@2@XZ 00407e90 f i brook:brt.obj
 0001:00006ea0       ?size@?$vector@W4StreamType@brook@@V?$allocator@W4StreamType@brook@@@std@@@std@@QBEIXZ 00407ea0 f i brook:brt.obj
 0001:00006ec0       ??A?$vector@W4StreamType@brook@@V?$allocator@W4StreamType@brook@@@std@@@std@@QAEAAW4StreamType@brook@@I@Z 00407ec0 f i brook:brt.obj
 0001:00006ef0       ?size@?$vector@IV?$allocator@I@std@@@std@@QBEIXZ 00407ef0 f i brook:brt.obj
 0001:00006f10       ??A?$vector@IV?$allocator@I@std@@@std@@QAEAAII@Z 00407f10 f i brook:brt.obj
 0001:00006f40       ?size@?$vector@PAVstream@brook@@V?$allocator@PAVstream@brook@@@std@@@std@@QBEIXZ 00407f40 f i brook:brt.obj
 0001:00006f60       ?empty@?$vector@PAVstream@brook@@V?$allocator@PAVstream@brook@@@std@@@std@@QBE_NXZ 00407f60 f i brook:brt.obj
 0001:00006f90       ??A?$vector@PAVstream@brook@@V?$allocator@PAVstream@brook@@@std@@@std@@QAEAAPAVstream@brook@@I@Z 00407f90 f i brook:brt.obj
 0001:00006fc0       ?fill@?$basic_ios@DU?$char_traits@D@std@@@std@@QBEDXZ 00407fc0 f i brook:brt.obj
 0001:00006fd0       ?pubsync@?$basic_streambuf@DU?$char_traits@D@std@@@std@@QAEHXZ 00407fd0 f i brook:brt.obj
 0001:00006fe0       ?_Unlock@?$basic_streambuf@DU?$char_traits@D@std@@@std@@QAEXXZ 00407fe0 f i brook:brt.obj
 0001:00006ff0       ?_Pnavail@?$basic_streambuf@DU?$char_traits@D@std@@@std@@IBEHXZ 00407ff0 f i brook:brt.obj
 0001:00007010       ?capacity@?$vector@W4StreamType@brook@@V?$allocator@W4StreamType@brook@@@std@@@std@@QBEIXZ 00408010 f i brook:brt.obj
 0001:00007030       ??0?$allocator@W4StreamType@brook@@@std@@QAE@XZ 00408030 f i brook:brt.obj
 0001:00007040       ?capacity@?$vector@IV?$allocator@I@std@@@std@@QBEIXZ 00408040 f i brook:brt.obj
 0001:00007060       ??0?$allocator@I@std@@QAE@XZ 00408060 f i brook:brt.obj
 0001:00007070       ?capacity@?$vector@MV?$allocator@M@std@@@std@@QBEIXZ 00408070 f i brook:brt.obj
 0001:00007090       ?size@?$vector@MV?$allocator@M@std@@@std@@QBEIXZ 00408090 f i brook:brt.obj
 0001:000070b0       ??0?$allocator@M@std@@QAE@XZ 004080b0 f i brook:brt.obj
 0001:000070c0       ?capacity@?$vector@PAVstream@brook@@V?$allocator@PAVstream@brook@@@std@@@std@@QBEIXZ 004080c0 f i brook:brt.obj
 0001:000070e0       ??0?$allocator@PAVstream@brook@@@std@@QAE@XZ 004080e0 f i brook:brt.obj
 0001:000070f0       ??Bsentry@?$basic_ostream@DU?$char_traits@D@std@@@std@@QBE_NXZ 004080f0 f i brook:brt.obj
 0001:00007100       ?tie@?$basic_ios@DU?$char_traits@D@std@@@std@@QBEPAV?$basic_ostream@DU?$char_traits@D@std@@@2@XZ 00408100 f i brook:brt.obj
 0001:00007110       ?_Lock@?$basic_streambuf@DU?$char_traits@D@std@@@std@@QAEXXZ 00408110 f i brook:brt.obj
 0001:00007120       ?_Pninc@?$basic_streambuf@DU?$char_traits@D@std@@@std@@IAEPADXZ 00408120 f i brook:brt.obj
 0001:00007140       ??0?$allocator@W4StreamType@brook@@@std@@QAE@ABV01@@Z 00408140 f i brook:brt.obj
 0001:00007150       ?deallocate@?$allocator@W4StreamType@brook@@@std@@QAEXPAW4StreamType@brook@@I@Z 00408150 f i brook:brt.obj
 0001:00007160       ??0?$allocator@I@std@@QAE@ABV01@@Z 00408160 f i brook:brt.obj
 0001:00007170       ?deallocate@?$allocator@I@std@@QAEXPAII@Z 00408170 f i brook:brt.obj
 0001:00007180       ??0?$allocator@M@std@@QAE@ABV01@@Z 00408180 f i brook:brt.obj
 0001:00007190       ?deallocate@?$allocator@M@std@@QAEXPAMI@Z 00408190 f i brook:brt.obj
 0001:000071a0       ??0?$allocator@PAVstream@brook@@@std@@QAE@ABV01@@Z 004081a0 f i brook:brt.obj
 0001:000071b0       ?deallocate@?$allocator@PAVstream@brook@@@std@@QAEXPAPAVstream@brook@@I@Z 004081b0 f i brook:brt.obj
 0001:000071c0       ??0_Sentry_base@?$basic_ostream@DU?$char_traits@D@std@@@std@@QAE@AAV12@@Z 004081c0 f i brook:brt.obj
 0001:000071f0       ??1_Sentry_base@?$basic_ostream@DU?$char_traits@D@std@@@std@@QAE@XZ 004081f0 f i brook:brt.obj
 0001:00007210       ??D?$_Vector_const_iterator@PAVstream@brook@@V?$allocator@PAVstream@brook@@@std@@@std@@QBEABQAVstream@brook@@XZ 00408210 f i brook:brt.obj
 0001:00007240       ?max_size@?$allocator@W4StreamType@brook@@@std@@QBEIXZ 00408240 f i brook:brt.obj
 0001:00007250       ?max_size@?$allocator@I@std@@QBEIXZ 00408250 f i brook:brt.obj
 0001:00007260       ?max_size@?$allocator@M@std@@QBEIXZ 00408260 f i brook:brt.obj
 0001:00007270       ?max_size@?$allocator@PAVstream@brook@@@std@@QBEIXZ 00408270 f i brook:brt.obj
 0001:00007280       ??G?$_Vector_const_iterator@W4StreamType@brook@@V?$allocator@W4StreamType@brook@@@std@@@std@@QBEHABV01@@Z 00408280 f i brook:brt.obj
 0001:000072b0       ??G?$_Vector_const_iterator@IV?$allocator@I@std@@@std@@QBEHABV01@@Z 004082b0 f i brook:brt.obj
 0001:000072e0       ??G?$_Vector_const_iterator@MV?$allocator@M@std@@@std@@QBEHABV01@@Z 004082e0 f i brook:brt.obj
 0001:00007310       ??G?$_Vector_const_iterator@PAVstream@brook@@V?$allocator@PAVstream@brook@@@std@@@std@@QBEHABV01@@Z 00408310 f i brook:brt.obj
 0001:00007340       ??0?$_Ranit@W4StreamType@brook@@HPBW412@ABW412@@std@@QAE@XZ 00408340 f i brook:brt.obj
 0001:00007350       ??0?$_Ranit@IHPBIABI@std@@QAE@XZ 00408350 f i brook:brt.obj
 0001:00007360       ??0?$_Ranit@MHPBMABM@std@@QAE@XZ 00408360 f i brook:brt.obj
 0001:00007370       ??0?$_Ranit@PAVstream@brook@@HPBQAV12@ABQAV12@@std@@QAE@XZ 00408370 f i brook:brt.obj
 0001:00007380       ??Y?$_Vector_const_iterator@W4StreamType@brook@@V?$allocator@W4StreamType@brook@@@std@@@std@@QAEAAV01@H@Z 00408380 f i brook:brt.obj
 0001:000073c0       ??Y?$_Vector_const_iterator@IV?$allocator@I@std@@@std@@QAEAAV01@H@Z 004083c0 f i brook:brt.obj
 0001:00007400       ??Y?$_Vector_const_iterator@MV?$allocator@M@std@@@std@@QAEAAV01@H@Z 00408400 f i brook:brt.obj
 0001:00007440       ??Y?$_Vector_const_iterator@PAVstream@brook@@V?$allocator@PAVstream@brook@@@std@@@std@@QAEAAV01@H@Z 00408440 f i brook:brt.obj
 0001:00007480       ??$_Allocate@W4StreamType@brook@@@std@@YAPAW4StreamType@brook@@IPAW412@@Z 00408480 f i brook:brt.obj
 0001:000074e0       ??$_Allocate@I@std@@YAPAIIPAI@Z 004084e0 f i brook:brt.obj
 0001:00007540       ??$_Allocate@M@std@@YAPAMIPAM@Z 00408540 f i brook:brt.obj
 0001:000075a0       ??$_Allocate@PAVstream@brook@@@std@@YAPAPAVstream@brook@@IPAPAV12@@Z 004085a0 f i brook:brt.obj
 0001:00007600       ?sputn@?$basic_streambuf@DU?$char_traits@D@std@@@std@@QAEHPBDH@Z 00408600 f i brook:brt.obj
 0001:00007610       ??$_Ptr_cat@PAW4StreamType@brook@@PAW412@@std@@YA?AU_Nonscalar_ptr_iterator_tag@0@AAPAW4StreamType@brook@@0@Z 00408610 f i brook:brt.obj
 0001:00007620       ??$_Ptr_cat@PAIPAI@std@@YA?AU_Scalar_ptr_iterator_tag@0@AAPAI0@Z 00408620 f i brook:brt.obj
 0001:00007630       ??$_Ptr_cat@PAMPAM@std@@YA?AU_Scalar_ptr_iterator_tag@0@AAPAM0@Z 00408630 f i brook:brt.obj
 0001:00007640       ??$_Ptr_cat@PAPAVstream@brook@@PAPAV12@@std@@YA?AU_Scalar_ptr_iterator_tag@0@AAPAPAVstream@brook@@0@Z 00408640 f i brook:brt.obj
 0001:00007650       ??$_Destroy_range@PAVstream@brook@@V?$allocator@PAVstream@brook@@@std@@@std@@YAXPAPAVstream@brook@@0AAV?$allocator@PAVstream@brook@@@0@U_Scalar_ptr_iterator_tag@0@@Z 00408650 f i brook:brt.obj
 0001:00007660       ??$_Fill@PAW4StreamType@brook@@W412@@std@@YAXPAW4StreamType@brook@@0ABW412@@Z 00408660 f i brook:brt.obj
 0001:00007680       ??$_Iter_random@PAW4StreamType@brook@@PAW412@@std@@YA?AUrandom_access_iterator_tag@0@ABQAW4StreamType@brook@@0@Z 00408680 f i brook:brt.obj
 0001:00007690       ??$_Move_cat@PAW4StreamType@brook@@@std@@YA?AU_Undefined_move_tag@0@ABQAW4StreamType@brook@@@Z 00408690 f i brook:brt.obj
 0001:000076a0       ??$_Destroy_range@IV?$allocator@I@std@@@std@@YAXPAI0AAV?$allocator@I@0@U_Scalar_ptr_iterator_tag@0@@Z 004086a0 f i brook:brt.obj
 0001:000076b0       ??$_Fill@PAII@std@@YAXPAI0ABI@Z 004086b0 f i brook:brt.obj
 0001:000076d0       ??$_Iter_random@PAIPAI@std@@YA?AUrandom_access_iterator_tag@0@ABQAI0@Z 004086d0 f i brook:brt.obj
 0001:000076e0       ??$_Move_cat@PAI@std@@YA?AU_Undefined_move_tag@0@ABQAI@Z 004086e0 f i brook:brt.obj
 0001:000076f0       ??$_Destroy_range@MV?$allocator@M@std@@@std@@YAXPAM0AAV?$allocator@M@0@U_Scalar_ptr_iterator_tag@0@@Z 004086f0 f i brook:brt.obj
 0001:00007700       ??$_Fill@PAMM@std@@YAXPAM0ABM@Z 00408700 f i brook:brt.obj
 0001:00007720       ??$_Iter_random@PAMPAM@std@@YA?AUrandom_access_iterator_tag@0@ABQAM0@Z 00408720 f i brook:brt.obj
 0001:00007730       ??$_Move_cat@PAM@std@@YA?AU_Undefined_move_tag@0@ABQAM@Z 00408730 f i brook:brt.obj
 0001:00007740       ??$_Fill@PAPAVstream@brook@@PAV12@@std@@YAXPAPAVstream@brook@@0ABQAV12@@Z 00408740 f i brook:brt.obj
 0001:00007760       ??$_Iter_random@PAPAVstream@brook@@PAPAV12@@std@@YA?AUrandom_access_iterator_tag@0@ABQAPAVstream@brook@@0@Z 00408760 f i brook:brt.obj
 0001:00007770       ??$_Move_cat@PAPAVstream@brook@@@std@@YA?AU_Undefined_move_tag@0@ABQAPAVstream@brook@@@Z 00408770 f i brook:brt.obj
 0001:00007780       ??$_Checked_base@PAW4StreamType@brook@@@std@@YAPAW4StreamType@brook@@AAPAW412@U_Unchanged_checked_iterator_base_type_tag@0@@Z 00408780 f i brook:brt.obj
 0001:00007790       ??$_Checked_base@PAI@std@@YAPAIAAPAIU_Unchanged_checked_iterator_base_type_tag@0@@Z 00408790 f i brook:brt.obj
 0001:000077a0       ??$_Copy_backward_opt@PAIPAIUrandom_access_iterator_tag@std@@@std@@YAPAIPAI00Urandom_access_iterator_tag@0@U_Scalar_ptr_iterator_tag@0@U_Range_checked_iterator_tag@0@@Z 004087a0 f i brook:brt.obj
 0001:000077d0       ??$_Checked_base@PAM@std@@YAPAMAAPAMU_Unchanged_checked_iterator_base_type_tag@0@@Z 004087d0 f i brook:brt.obj
 0001:000077e0       ??$_Copy_backward_opt@PAMPAMUrandom_access_iterator_tag@std@@@std@@YAPAMPAM00Urandom_access_iterator_tag@0@U_Scalar_ptr_iterator_tag@0@U_Range_checked_iterator_tag@0@@Z 004087e0 f i brook:brt.obj
 0001:00007810       ??$_Checked_base@PAPAVstream@brook@@@std@@YAPAPAVstream@brook@@AAPAPAV12@U_Unchanged_checked_iterator_base_type_tag@0@@Z 00408810 f i brook:brt.obj
 0001:00007820       ??$_Copy_backward_opt@PAPAVstream@brook@@PAPAV12@Urandom_access_iterator_tag@std@@@std@@YAPAPAVstream@brook@@PAPAV12@00Urandom_access_iterator_tag@0@U_Scalar_ptr_iterator_tag@0@U_Range_checked_iterator_tag@0@@Z 00408820 f i brook:brt.obj
 0001:00007850       ??$_Construct@W4StreamType@brook@@W412@@std@@YAXPAW4StreamType@brook@@ABW412@@Z 00408850 f i brook:brt.obj
 0001:00007870       ??$_Destroy@W4StreamType@brook@@@std@@YAXPAW4StreamType@brook@@@Z 00408870 f i brook:brt.obj
 0001:00007880       ??$_Iter_cat@PAI@std@@YA?AUrandom_access_iterator_tag@0@ABQAI@Z 00408880 f i brook:brt.obj
 0001:00007890       ??$_Iter_cat@PAM@std@@YA?AUrandom_access_iterator_tag@0@ABQAM@Z 00408890 f i brook:brt.obj
 0001:000078a0       ??$_Iter_cat@PAPAVstream@brook@@@std@@YA?AUrandom_access_iterator_tag@0@ABQAPAVstream@brook@@@Z 004088a0 f i brook:brt.obj
 0001:000078b0       ??$_Copy_backward_opt@PAW4StreamType@brook@@PAW412@Uforward_iterator_tag@std@@@std@@YAPAW4StreamType@brook@@PAW412@00Uforward_iterator_tag@0@U_Nonscalar_ptr_iterator_tag@0@U_Range_checked_iterator_tag@0@@Z 004088b0 f i brook:brt.obj
 0001:000078e0       ??$_Fill_n@PAIII@std@@YAXPAIIABIU_Range_checked_iterator_tag@0@@Z 004088e0 f i brook:brt.obj
 0001:00007910       ??$_Fill_n@PAMIM@std@@YAXPAMIABMU_Range_checked_iterator_tag@0@@Z 00408910 f i brook:brt.obj
 0001:00007930       ??$_Fill_n@PAPAVstream@brook@@IPAV12@@std@@YAXPAPAVstream@brook@@IABQAV12@U_Range_checked_iterator_tag@0@@Z 00408930 f i brook:brt.obj
 0001:00007960       ??$_Uninit_copy@PAIPAIV?$allocator@I@std@@@std@@YAPAIPAI00AAV?$allocator@I@0@U_Scalar_ptr_iterator_tag@0@U_Range_checked_iterator_tag@0@@Z 00408960 f i brook:brt.obj
 0001:00007990       ??$_Uninit_copy@PAMPAMV?$allocator@M@std@@@std@@YAPAMPAM00AAV?$allocator@M@0@U_Scalar_ptr_iterator_tag@0@U_Range_checked_iterator_tag@0@@Z 00408990 f i brook:brt.obj
 0001:000079c0       ??$_Uninit_copy@PAPAVstream@brook@@PAPAV12@V?$allocator@PAVstream@brook@@@std@@@std@@YAPAPAVstream@brook@@PAPAV12@00AAV?$allocator@PAVstream@brook@@@0@U_Scalar_ptr_iterator_tag@0@U_Range_checked_iterator_tag@0@@Z 004089c0 f i brook:brt.obj
 0001:000079f0       ?finalize@brook@@YAXXZ     004089f0 f   brook:brt.obj
 0001:00007a10       ?computeIndexOf@StreamInterface@brook@@QAE?AV?$vec@M$03@@I@Z 00408a10 f   brook:brt.obj
 0001:00007b00       ??A?$vector@MV?$allocator@M@std@@@std@@QAEAAMI@Z 00408b00 f i brook:brt.obj
 0001:00007b30       ?sputc@?$basic_streambuf@DU?$char_traits@D@std@@@std@@QAEHD@Z 00408b30 f i brook:brt.obj
 0001:00007b70       ??0?$_Vector_val@W4StreamType@brook@@V?$allocator@W4StreamType@brook@@@std@@@std@@IAE@V?$allocator@W4StreamType@brook@@@1@@Z 00408b70 f i brook:brt.obj
 0001:00007b80       ??0?$_Vector_val@IV?$allocator@I@std@@@std@@IAE@V?$allocator@I@1@@Z 00408b80 f i brook:brt.obj
 0001:00007b90       ??0?$_Vector_val@MV?$allocator@M@std@@@std@@IAE@V?$allocator@M@1@@Z 00408b90 f i brook:brt.obj
 0001:00007ba0       ??0?$_Vector_val@PAVstream@brook@@V?$allocator@PAVstream@brook@@@std@@@std@@IAE@V?$allocator@PAVstream@brook@@@1@@Z 00408ba0 f i brook:brt.obj
 0001:00007bb0       ??D?$_Vector_iterator@PAVstream@brook@@V?$allocator@PAVstream@brook@@@std@@@std@@QBEAAPAVstream@brook@@XZ 00408bb0 f i brook:brt.obj
 0001:00007be0       ?max_size@?$vector@W4StreamType@brook@@V?$allocator@W4StreamType@brook@@@std@@@std@@QBEIXZ 00408be0 f i brook:brt.obj
 0001:00007bf0       ?allocate@?$allocator@W4StreamType@brook@@@std@@QAEPAW4StreamType@brook@@I@Z 00408bf0 f i brook:brt.obj
 0001:00007c10       ?max_size@?$vector@IV?$allocator@I@std@@@std@@QBEIXZ 00408c10 f i brook:brt.obj
 0001:00007c20       ?allocate@?$allocator@I@std@@QAEPAII@Z 00408c20 f i brook:brt.obj
 0001:00007c40       ?max_size@?$vector@MV?$allocator@M@std@@@std@@QBEIXZ 00408c40 f i brook:brt.obj
 0001:00007c50       ?allocate@?$allocator@M@std@@QAEPAMI@Z 00408c50 f i brook:brt.obj
 0001:00007c70       ?max_size@?$vector@PAVstream@brook@@V?$allocator@PAVstream@brook@@@std@@@std@@QBEIXZ 00408c70 f i brook:brt.obj
 0001:00007c80       ?allocate@?$allocator@PAVstream@brook@@@std@@QAEPAPAVstream@brook@@I@Z 00408c80 f i brook:brt.obj
 0001:00007ca0       ??G?$_Vector_iterator@W4StreamType@brook@@V?$allocator@W4StreamType@brook@@@std@@@std@@QBEHABV?$_Vector_const_iterator@W4StreamType@brook@@V?$allocator@W4StreamType@brook@@@std@@@1@@Z 00408ca0 f i brook:brt.obj
 0001:00007cd0       ??G?$_Vector_iterator@IV?$allocator@I@std@@@std@@QBEHABV?$_Vector_const_iterator@IV?$allocator@I@std@@@1@@Z 00408cd0 f i brook:brt.obj
[...]
 0001:0005d631       __ehhandler$??$_Construct@VPass@GPUKernel@brook@@V123@@std@@YAXPAVPass@GPUKernel@brook@@ABV123@@Z 0045e631 f   brook:gpukernel.obj
 0001:0005d650       __unwindfunclet$??0Pass@GPUKernel@brook@@QAE@XZ$0 0045e650 f   brook:gpukernel.obj
 0001:0005d65b       __unwindfunclet$??0Pass@GPUKernel@brook@@QAE@XZ$1 0045e65b f   brook:gpukernel.obj
 0001:0005d666       __unwindfunclet$??0Pass@GPUKernel@brook@@QAE@XZ$2 0045e666 f   brook:gpukernel.obj
 0001:0005d671       __ehhandler$??0Pass@GPUKernel@brook@@QAE@XZ 0045e671 f   brook:gpukernel.obj
 0001:0005d690       __unwindfunclet$??$_Uninit_copy@PBVPass@GPUKernel@brook@@PAV123@V?$allocator@VPass@GPUKernel@brook@@@std@@@std@@YAPAVPass@GPUKernel@brook@@PBV123@0PAV123@AAV?$allocator@VPass@GPUKernel@brook@@@0@U_Nonscalar_ptr_iterator_tag@0@U_Range_checked_iterator_tag@0@@Z$2 0045e690 f   brook:gpukernel.obj
 0001:0005d6a1       __ehhandler$??$_Uninit_copy@PBVPass@GPUKernel@brook@@PAV123@V?$allocator@VPass@GPUKernel@brook@@@std@@@std@@YAPAVPass@GPUKernel@brook@@PBV123@0PAV123@AAV?$allocator@VPass@GPUKernel@brook@@@0@U_Nonscalar_ptr_iterator_tag@0@U_Range_checked_iterator_tag@0@@Z 0045e6a1 f   brook:gpukernel.obj
 0001:0005d6c0       __unwindfunclet$??$_Uninit_copy@PAVPass@GPUKernel@brook@@PAV123@V?$allocator@VPass@GPUKernel@brook@@@std@@@std@@YAPAVPass@GPUKernel@brook@@PAV123@00AAV?$allocator@VPass@GPUKernel@brook@@@0@U_Nonscalar_ptr_iterator_tag@0@U_Range_checked_iterator_tag@0@@Z$2 0045e6c0 f   brook:gpukernel.obj
 0001:0005d6d1       __ehhandler$??$_Uninit_copy@PAVPass@GPUKernel@brook@@PAV123@V?$allocator@VPass@GPUKernel@brook@@@std@@@std@@YAPAVPass@GPUKernel@brook@@PAV123@00AAV?$allocator@VPass@GPUKernel@brook@@@0@U_Nonscalar_ptr_iterator_tag@0@U_Range_checked_iterator_tag@0@@Z 0045e6d1 f   brook:gpukernel.obj
 0001:0005d6f0       __unwindfunclet$??$_Uninit_fill_n@PAVPass@GPUKernel@brook@@IV123@V?$allocator@VPass@GPUKernel@brook@@@std@@@std@@YAXPAVPass@GPUKernel@brook@@IABV123@AAV?$allocator@VPass@GPUKernel@brook@@@0@U_Nonscalar_ptr_iterator_tag@0@U_Range_checked_iterator_tag@0@@Z$2 0045e6f0 f   brook:gpukernel.obj
 0001:0005d701       __ehhandler$??$_Uninit_fill_n@PAVPass@GPUKernel@brook@@IV123@V?$allocator@VPass@GPUKernel@brook@@@std@@@std@@YAXPAVPass@GPUKernel@brook@@IABV123@AAV?$allocator@VPass@GPUKernel@brook@@@0@U_Nonscalar_ptr_iterator_tag@0@U_Range_checked_iterator_tag@0@@Z 0045e701 f   brook:gpukernel.obj
 0001:0005d720       __unwindfunclet$?dumpReductionBuffer@GPUKernel@brook@@AAEXPAXIIII@Z$0 0045e720 f   brook:gpukernel.obj
 0001:0005d72e       __ehhandler$?dumpReductionBuffer@GPUKernel@brook@@AAEXPAXIIII@Z 0045e72e f   brook:gpukernel.obj
 0001:0005d750       __unwindfunclet$?dumpReductionState@GPUKernel@brook@@AAEXAAVReductionState@12@@Z$0 0045e750 f   brook:gpukernel.obj
 0001:0005d758       __unwindfunclet$?dumpReductionState@GPUKernel@brook@@AAEXAAVReductionState@12@@Z$1 0045e758 f   brook:gpukernel.obj
 0001:0005d760       __unwindfunclet$?dumpReductionState@GPUKernel@brook@@AAEXAAVReductionState@12@@Z$2 0045e760 f   brook:gpukernel.obj
 0001:0005d768       __unwindfunclet$?dumpReductionState@GPUKernel@brook@@AAEXAAVReductionState@12@@Z$3 0045e768 f   brook:gpukernel.obj
 0001:0005d770       __ehhandler$?dumpReductionState@GPUKernel@brook@@AAEXAAVReductionState@12@@Z 0045e770 f   brook:gpukernel.obj
 0001:0005d790       __ehhandler$??0?$vector@VPass@GPUKernel@brook@@V?$allocator@VPass@GPUKernel@brook@@@std@@@std@@QAE@ABV01@@Z 0045e790 f   brook:gpukernel.obj
 0001:0005d7b0       __unwindfunclet$?_Insert_n@?$vector@VPass@GPUKernel@brook@@V?$allocator@VPass@GPUKernel@brook@@@std@@@std@@IAEXV?$_Vector_iterator@VPass@GPUKernel@brook@@V?$allocator@VPass@GPUKernel@brook@@@std@@@2@IABVPass@GPUKernel@brook@@@Z$4 0045e7b0 f   brook:gpukernel.obj
 0001:0005d7b8       __ehhandler$?_Insert_n@?$vector@VPass@GPUKernel@brook@@V?$allocator@VPass@GPUKernel@brook@@@std@@@std@@IAEXV?$_Vector_iterator@VPass@GPUKernel@brook@@V?$allocator@VPass@GPUKernel@brook@@@std@@@2@IABVPass@GPUKernel@brook@@@Z 0045e7b8 f   brook:gpukernel.obj
 0001:0005d7e0       __unwindfunclet$??$_Construct@VTechnique@GPUKernel@brook@@V123@@std@@YAXPAVTechnique@GPUKernel@brook@@ABV123@@Z$0 0045e7e0 f   brook:gpukernel.obj
 0001:0005d7f1       __ehhandler$??$_Construct@VTechnique@GPUKernel@brook@@V123@@std@@YAXPAVTechnique@GPUKernel@brook@@ABV123@@Z 0045e7f1 f   brook:gpukernel.obj
 0001:0005d810       __unwindfunclet$?executeReductionStep@GPUKernel@brook@@AAEXAAVReductionState@12@@Z$0 0045e810 f   brook:gpukernel.obj
 0001:0005d818       __ehhandler$?executeReductionStep@GPUKernel@brook@@AAEXAAVReductionState@12@@Z 0045e818 f   brook:gpukernel.obj
 0001:0005d840       __unwindfunclet$?resize@?$vector@VPass@GPUKernel@brook@@V?$allocator@VPass@GPUKernel@brook@@@std@@@std@@QAEXIVPass@GPUKernel@brook@@@Z$0 0045e840 f   brook:gpukernel.obj
 0001:0005d848       __ehhandler$?resize@?$vector@VPass@GPUKernel@brook@@V?$allocator@VPass@GPUKernel@brook@@@std@@@std@@QAEXIVPass@GPUKernel@brook@@@Z 0045e848 f   brook:gpukernel.obj
 0001:0005d870       __ehhandler$??$_Uninit_copy@PAVTechnique@GPUKernel@brook@@PAV123@V?$allocator@VTechnique@GPUKernel@brook@@@std@@@std@@YAPAVTechnique@GPUKernel@brook@@PAV123@00AAV?$allocator@VTechnique@GPUKernel@brook@@@0@U_Nonscalar_ptr_iterator_tag@0@U_Range_checked_iterator_tag@0@@Z 0045e870 f   brook:gpukernel.obj
 0001:0005d890       __ehhandler$??$_Uninit_fill_n@PAVTechnique@GPUKernel@brook@@IV123@V?$allocator@VTechnique@GPUKernel@brook@@@std@@@std@@YAXPAVTechnique@GPUKernel@brook@@IABV123@AAV?$allocator@VTechnique@GPUKernel@brook@@@0@U_Nonscalar_ptr_iterator_tag@0@U_Range_checked_iterator_tag@0@@Z 0045e890 f   brook:gpukernel.obj
 0001:0005d8b0       __unwindfunclet$?_Insert_n@?$vector@VTechnique@GPUKernel@brook@@V?$allocator@VTechnique@GPUKernel@brook@@@std@@@std@@IAEXV?$_Vector_iterator@VTechnique@GPUKernel@brook@@V?$allocator@VTechnique@GPUKernel@brook@@@std@@@2@IABVTechnique@GPUKernel@brook@@@Z$4 0045e8b0 f   brook:gpukernel.obj
 0001:0005d8b8       __ehhandler$?_Insert_n@?$vector@VTechnique@GPUKernel@brook@@V?$allocator@VTechnique@GPUKernel@brook@@@std@@@std@@IAEXV?$_Vector_iterator@VTechnique@GPUKernel@brook@@V?$allocator@VTechnique@GPUKernel@brook@@@std@@@2@IABVTechnique@GPUKernel@brook@@@Z 0045e8b8 f   brook:gpukernel.obj
 0001:0005d8e0       __unwindfunclet$??0GPUKernel@brook@@AAE@PAVGPURuntime@1@@Z$0 0045e8e0 f   brook:gpukernel.obj
 0001:0005d8e8       __unwindfunclet$??0GPUKernel@brook@@AAE@PAVGPURuntime@1@@Z$1 0045e8e8 f   brook:gpukernel.obj
 0001:0005d8f3       __unwindfunclet$??0GPUKernel@brook@@AAE@PAVGPURuntime@1@@Z$2 0045e8f3 f   brook:gpukernel.obj
 0001:0005d8fe       __unwindfunclet$??0GPUKernel@brook@@AAE@PAVGPURuntime@1@@Z$3 0045e8fe f   brook:gpukernel.obj
 0001:0005d909       __unwindfunclet$??0GPUKernel@brook@@AAE@PAVGPURuntime@1@@Z$4 0045e909 f   brook:gpukernel.obj
 0001:0005d914       __unwindfunclet$??0GPUKernel@brook@@AAE@PAVGPURuntime@1@@Z$5 0045e914 f   brook:gpukernel.obj
 0001:0005d91f       __unwindfunclet$??0GPUKernel@brook@@AAE@PAVGPURuntime@1@@Z$6 0045e91f f   brook:gpukernel.obj
 0001:0005d92a       __unwindfunclet$??0GPUKernel@brook@@AAE@PAVGPURuntime@1@@Z$7 0045e92a f   brook:gpukernel.obj
 0001:0005d935       __unwindfunclet$??0GPUKernel@brook@@AAE@PAVGPURuntime@1@@Z$8 0045e935 f   brook:gpukernel.obj
 0001:0005d940       __unwindfunclet$??0GPUKernel@brook@@AAE@PAVGPURuntime@1@@Z$9 0045e940 f   brook:gpukernel.obj
 0001:0005d94e       __unwindfunclet$??0GPUKernel@brook@@AAE@PAVGPURuntime@1@@Z$10 0045e94e f   brook:gpukernel.obj
 0001:0005d95c       __unwindfunclet$??0GPUKernel@brook@@AAE@PAVGPURuntime@1@@Z$11 0045e95c f   brook:gpukernel.obj
 0001:0005d96a       __unwindfunclet$??0GPUKernel@brook@@AAE@PAVGPURuntime@1@@Z$12 0045e96a f   brook:gpukernel.obj
 0001:0005d978       __ehhandler$??0GPUKernel@brook@@AAE@PAVGPURuntime@1@@Z 0045e978 f   brook:gpukernel.obj
 0001:0005d9a0       __unwindfunclet$?resize@?$vector@VTechnique@GPUKernel@brook@@V?$allocator@VTechnique@GPUKernel@brook@@@std@@@std@@QAEXIVTechnique@GPUKernel@brook@@@Z$0 0045e9a0 f   brook:gpukernel.obj
 0001:0005d9a8       __ehhandler$?resize@?$vector@VTechnique@GPUKernel@brook@@V?$allocator@VTechnique@GPUKernel@brook@@@std@@@std@@QAEXIVTechnique@GPUKernel@brook@@@Z 0045e9a8 f   brook:gpukernel.obj
 0001:0005d9d0       __unwindfunclet$?initialize@GPUKernel@brook@@AAE_NPBDPBVgpu_kernel_desc@desc@2@@Z$3 0045e9d0 f   brook:gpukernel.obj
 0001:0005d9db       __unwindfunclet$?initialize@GPUKernel@brook@@AAE_NPBDPBVgpu_kernel_desc@desc@2@@Z$4 0045e9db f   brook:gpukernel.obj
 0001:0005d9e6       __unwindfunclet$?initialize@GPUKernel@brook@@AAE_NPBDPBVgpu_kernel_desc@desc@2@@Z$5 0045e9e6 f   brook:gpukernel.obj
 0001:0005d9f1       __ehhandler$?initialize@GPUKernel@brook@@AAE_NPBDPBVgpu_kernel_desc@desc@2@@Z 0045e9f1 f   brook:gpukernel.obj
 0001:0005da10       __unwindfunclet$?create@GPUKernel@brook@@SAPAV12@PAVGPURuntime@2@QAPBX@Z$0 0045ea10 f   brook:gpukernel.obj
 0001:0005da1b       __ehhandler$?create@GPUKernel@brook@@SAPAV12@PAVGPURuntime@2@QAPBX@Z 0045ea1b f   brook:gpukernel.obj
 0001:0005da40       __unwindfunclet$?_Xlen@?$vector@VField@GPUStreamData@brook@@V?$allocator@VField@GPUStreamData@brook@@@std@@@std@@KAXXZ$0 0045ea40 f   brook:gpustream.obj
 0001:0005da48       __ehhandler$?_Xlen@?$vector@VField@GPUStreamData@brook@@V?$allocator@VField@GPUStreamData@brook@@@std@@@std@@KAXXZ 0045ea48 f   brook:gpustream.obj
 0001:0005da70       __ehhandler$?_Insert_n@?$vector@VField@GPUStreamData@brook@@V?$allocator@VField@GPUStreamData@brook@@@std@@@std@@IAEXV?$_Vector_iterator@VField@GPUStreamData@brook@@V?$allocator@VField@GPUStreamData@brook@@@std@@@2@IABVField@GPUStreamData@brook@@@Z 0045ea70 f   brook:gpustream.obj
 0001:0005da90       __unwindfunclet$??0GPUStreamData@brook@@QAE@PAVGPURuntime@1@@Z$0 0045ea90 f   brook:gpustream.obj
 0001:0005da9b       __unwindfunclet$??0GPUStreamData@brook@@QAE@PAVGPURuntime@1@@Z$1 0045ea9b f   brook:gpustream.obj
 0001:0005daa6       __ehhandler$??0GPUStreamData@brook@@QAE@PAVGPURuntime@1@@Z 0045eaa6 f   brook:gpustream.obj
 0001:0005dad0       __unwindfunclet$??1GPUStreamData@brook@@QAE@XZ$0 0045ead0 f   brook:gpustream.obj
 0001:0005dadb       __unwindfunclet$??1GPUStreamData@brook@@QAE@XZ$1 0045eadb f   brook:gpustream.obj
 0001:0005dae6       __unwindfunclet$??1GPUStreamData@brook@@QAE@XZ$2 0045eae6 f   brook:gpustream.obj
 0001:0005daf1       __ehhandler$??1GPUStreamData@brook@@QAE@XZ 0045eaf1 f   brook:gpustream.obj
 0001:0005db10       __unwindfunclet$?initialize@GPUStreamData@brook@@QAE_NIPBW4StreamType@2@IPBI_N@Z$0 0045eb10 f   brook:gpustream.obj
 0001:0005db18       __unwindfunclet$?initialize@GPUStreamData@brook@@QAE_NIPBW4StreamType@2@IPBI_N@Z$1 0045eb18 f   brook:gpustream.obj
 0001:0005db20       __ehhandler$?initialize@GPUStreamData@brook@@QAE_NIPBW4StreamType@2@IPBI_N@Z 0045eb20 f   brook:gpustream.obj
 0001:0005db40       __unwindfunclet$?create@GPUStream@brook@@SAPAV12@PAVGPURuntime@2@IPBW4StreamType@2@IPBI_N@Z$0 0045eb40 f   brook:gpustream.obj
 0001:0005db4b       __ehhandler$?create@GPUStream@brook@@SAPAV12@PAVGPURuntime@2@IPBW4StreamType@2@IPBI_N@Z 0045eb4b f   brook:gpustream.obj
 0001:0005db70       __unwindfunclet$??1GPUStream@brook@@EAE@XZ$0 0045eb70 f   brook:gpustream.obj
 0001:0005db78       __ehhandler$??1GPUStream@brook@@EAE@XZ 0045eb78 f   brook:gpustream.obj
 0001:0005dba0       __unwindfunclet$??1OGLWriteQuery@brook@@UAE@XZ$0 0045eba0 f   brook:oglwritequery.obj
 0001:0005dba8       __ehhandler$??1OGLWriteQuery@brook@@UAE@XZ 0045eba8 f   brook:oglwritequery.obj
 0001:0005dbd0       __unwindfunclet$??0OGLWriteQuery@brook@@QAE@XZ$0 0045ebd0 f   brook:oglwritequery.obj
 0001:0005dbd8       __ehhandler$??0OGLWriteQuery@brook@@QAE@XZ 0045ebd8 f   brook:oglwritequery.obj
 0001:0005dc00       __unwindfunclet$??0OGLPixelShader@brook@@QAE@IPBD@Z$0 0045ec00 f   brook:oglkernel.obj
 0001:0005dc1b       __unwindfunclet$??0OGLPixelShader@brook@@QAE@IPBD@Z$1 0045ec1b f   brook:oglkernel.obj
 0001:0005dc23       __ehhandler$??0OGLPixelShader@brook@@QAE@IPBD@Z 0045ec23 f   brook:oglkernel.obj
 0001:0005dc50       __unwindfunclet$?getPassthroughPixelShader@OGLContext@brook@@UAEPAXPBD@Z$0 0045ec50 f   brook:oglkernel.obj
 0001:0005dc5b       __ehhandler$?getPassthroughPixelShader@OGLContext@brook@@UAEPAXPBD@Z 0045ec5b f   brook:oglkernel.obj
 0001:0005dc80       __unwindfunclet$?createPixelShader@OGLContext@brook@@UAEPAXPBD@Z$0 0045ec80 f   brook:oglkernel.obj
 0001:0005dc8b       __ehhandler$?createPixelShader@OGLContext@brook@@UAEPAXPBD@Z 0045ec8b f   brook:oglkernel.obj
 0001:0005dcb0       __unwindfunclet$?drawRectangle@OGLContext@brook@@UAEXABUGPURegion@2@PBUGPUInterpolant@2@I@Z$0 0045ecb0 f   brook:oglkernel.obj
 0001:0005dcb8       __unwindfunclet$?drawRectangle@OGLContext@brook@@UAEXABUGPURegion@2@PBUGPUInterpolant@2@I@Z$1 0045ecb8 f   brook:oglkernel.obj
 0001:0005dcc0       __unwindfunclet$?drawRectangle@OGLContext@brook@@UAEXABUGPURegion@2@PBUGPUInterpolant@2@I@Z$2 0045ecc0 f   brook:oglkernel.obj
 0001:0005dcc8       __ehhandler$?drawRectangle@OGLContext@brook@@UAEXABUGPURegion@2@PBUGPUInterpolant@2@I@Z 0045ecc8 f   brook:oglkernel.obj
 0001:0005dce3       __unwindfunclet$?_Xlen@_String_base@std@@SAXXZ$0 0045ece3 f   libcpmt:string.obj
 0001:0005dceb       __ehhandler$?_Xlen@_String_base@std@@SAXXZ 0045eceb f   libcpmt:string.obj
 0001:0005dd06       __unwindfunclet$?_Xran@_String_base@std@@SAXXZ$0 0045ed06 f   libcpmt:string.obj
 0001:0005dd0e       __ehhandler$?_Xran@_String_base@std@@SAXXZ 0045ed0e f   libcpmt:string.obj
 0001:0005dd29       __unwindfunclet$?_Xinvarg@_String_base@std@@SAXXZ$0 0045ed29 f   libcpmt:string.obj
 0001:0005dd31       __ehhandler$?_Xinvarg@_String_base@std@@SAXXZ 0045ed31 f   libcpmt:string.obj
 0001:0005dd4c       __unwindfunclet$?_Locimp_dtor@_Locimp@locale@std@@CAXPAV123@@Z$0 0045ed4c f   libcpmt:locale0.obj
 0001:0005dd54       __ehhandler$?_Locimp_dtor@_Locimp@locale@std@@CAXPAV123@@Z 0045ed54 f   libcpmt:locale0.obj
 0001:0005dd6f       __unwindfunclet$??0_Locimp@locale@std@@AAE@_N@Z$0 0045ed6f f   libcpmt:locale0.obj
 0001:0005dd77       __ehhandler$??0_Locimp@locale@std@@AAE@_N@Z 0045ed77 f   libcpmt:locale0.obj
 0001:0005dd92       __unwindfunclet$??1_Locimp@locale@std@@MAE@XZ$0 0045ed92 f   libcpmt:locale0.obj
 0001:0005dd9a       __unwindfunclet$??1_Locimp@locale@std@@MAE@XZ$1 0045ed9a f   libcpmt:locale0.obj
 0001:0005dda5       __ehhandler$??1_Locimp@locale@std@@MAE@XZ 0045eda5 f   libcpmt:locale0.obj
 0001:0005ddc0       __unwindfunclet$?_Init@locale@std@@CAPAV_Locimp@12@XZ$0 0045edc0 f   libcpmt:locale0.obj
 0001:0005ddc8       __unwindfunclet$?_Init@locale@std@@CAPAV_Locimp@12@XZ$1 0045edc8 f   libcpmt:locale0.obj
 0001:0005ddd2       __ehhandler$?_Init@locale@std@@CAPAV_Locimp@12@XZ 0045edd2 f   libcpmt:locale0.obj
 0001:0005dded       __unwindfunclet$?empty@locale@std@@SA?AV12@XZ$0 0045eded f   libcpmt:locale0.obj
 0001:0005ddf7       __ehhandler$?empty@locale@std@@SA?AV12@XZ 0045edf7 f   libcpmt:locale0.obj
 0001:0005de12       __ehhandler$?CallUnexpected@@YAXPBU_s_ESTypeList@@@Z 0045ee12 f   LIBCMT:frame.obj
 0001:0005de30       ??__E_const_log2@@YAXXZ    0045ee30 f   reducetostream.obj
 0001:0005de50       ??__E__foo_ps20_desc@?A0x8ddd546d@@YAXXZ 0045ee50 f   reducetostream.obj
 0001:0005ebd0       ??__E__foo_ps2b_desc@?A0x8ddd546d@@YAXXZ 0045fbd0 f   reducetostream.obj
 0001:0005f950       ??__E__foo_ps2a_desc@?A0x8ddd546d@@YAXXZ 00460950 f   reducetostream.obj
 0001:000606d0       ??__E__foo_ps30_desc@?A0x8ddd546d@@YAXXZ 004616d0 f   reducetostream.obj
 0001:00061450       ??__E__foo_arb_desc@?A0x8ddd546d@@YAXXZ 00462450 f   reducetostream.obj
 0001:000621d0       ??__E__SUM_ps20_desc@?A0x8ddd546d@@YAXXZ 004631d0 f   reducetostream.obj
 0001:00062d50       ??__E__SUM_ps2b_desc@?A0x8ddd546d@@YAXXZ 00463d50 f   reducetostream.obj
 0001:000638d0       ??__E__SUM_ps2a_desc@?A0x8ddd546d@@YAXXZ 004648d0 f   reducetostream.obj
 0001:00064450       ??__E__SUM_ps30_desc@?A0x8ddd546d@@YAXXZ 00465450 f   reducetostream.obj
 0001:00064fd0       ??__E__SUM_arb_desc@?A0x8ddd546d@@YAXXZ 00465fd0 f   reducetostream.obj
 0001:00065b50       ??__E?sStreamArgumentType@GPUKernel@brook@@0PAVArgumentType@12@A@@YAXXZ 00466b50 f   brook:gpukernel.obj
 0001:00065b80       ??__E?sIteratorArgumentType@GPUKernel@brook@@0PAVArgumentType@12@A@@YAXXZ 00466b80 f   brook:gpukernel.obj
 0001:00065bb0       ??__E?sConstantArgumentType@GPUKernel@brook@@0PAVArgumentType@12@A@@YAXXZ 00466bb0 f   brook:gpukernel.obj
 0001:00065be0       ??__E?sGatherArgumentType@GPUKernel@brook@@0PAVArgumentType@12@A@@YAXXZ 00466be0 f   brook:gpukernel.obj
 0001:00065c10       ??__E?sOutputArgumentType@GPUKernel@brook@@0PAVArgumentType@12@A@@YAXXZ 00466c10 f   brook:gpukernel.obj
 0001:00065c40       ??__E?sReduceArgumentType@GPUKernel@brook@@0PAVArgumentType@12@A@@YAXXZ 00466c40 f   brook:gpukernel.obj
 0001:00065c65       ??__Einitlocks@std@@YAXXZ  00466c65 f   libcpmt:xlock.obj
 0001:00065c7b       ??__Eclassic_locale@std@@YAXXZ 00466c7b f   libcpmt:locale0.obj
 0001:00065c87       ??__Einitlocks@@YAXXZ      00466c87 f   libcpmt:cerr.obj
 0001:00065c9d       ??__Eferr@std@@YAXXZ       00466c9d f   libcpmt:cerr.obj
 0001:00065cbc       ??__Ecerr@std@@YAXXZ       00466cbc f   libcpmt:cerr.obj
 0001:00065cdb       ??__Einit_cerr@std@@YAXXZ  00466cdb f   libcpmt:cerr.obj
 0001:00065ce5       ??__Einitlocks@std@@YAXXZ  00466ce5 f   libcpmt:iosptrs.obj
 0001:00065cfb       ??__Einit_atexit@@YAXXZ    00466cfb f   libcpmt:iosptrs.obj
 0001:00065d10       ??__F__k@?1??foo@@YAXVstream@brook@@Ufloat4@@00@Z@YAXXZ 00466d10 f   reducetostream.obj
 0001:00065d30       ??__F__k@?1??foo@@YAXVstream@brook@@Ufloat4@@0AAU3@@Z@YAXXZ 00466d30 f   reducetostream.obj
 0001:00065d50       ??__F__k@?1??SUM@@YAXVstream@brook@@0@Z@YAXXZ 00466d50 f   reducetostream.obj
 0001:00065d70       ??__F__k@?1??SUM@@YAXVstream@brook@@AAUfloat4@@@Z@YAXXZ 00466d70 f   reducetostream.obj
 0001:00065d90       ??__F__foo_ps2b_desc@?A0x8ddd546d@@YAXXZ 00466d90 f   reducetostream.obj
 0001:00065de0       ??__F__foo_ps2a_desc@?A0x8ddd546d@@YAXXZ 00466de0 f   reducetostream.obj
 0001:00065e30       ??__F__foo_ps30_desc@?A0x8ddd546d@@YAXXZ 00466e30 f   reducetostream.obj
 0001:00065e80       ??__F__foo_arb_desc@?A0x8ddd546d@@YAXXZ 00466e80 f   reducetostream.obj
 0001:00065ed0       ??__F__SUM_ps20_desc@?A0x8ddd546d@@YAXXZ 00466ed0 f   reducetostream.obj
 0001:00065f20       ??__F__SUM_ps2b_desc@?A0x8ddd546d@@YAXXZ 00466f20 f   reducetostream.obj
 0001:00065f70       ??__F__SUM_ps2a_desc@?A0x8ddd546d@@YAXXZ 00466f70 f   reducetostream.obj
 0001:00065fc0       ??__F__SUM_ps30_desc@?A0x8ddd546d@@YAXXZ 00466fc0 f   reducetostream.obj
 0001:00066010       ??__F__SUM_arb_desc@?A0x8ddd546d@@YAXXZ 00467010 f   reducetostream.obj
 0001:00066060       ??__F__foo_ps20_desc@?A0x8ddd546d@@YAXXZ 00467060 f   reducetostream.obj
 0001:000660b0       ??__Fs@?1??sentinelStream@brook@@YAPAVstream@1@H@Z@YAXXZ 004670b0 f   brook:brt.obj
 0001:000660c0       ??__FsResult@?1??getInstance@Logger@internal@brook@@CAAAV123@XZ@YAXXZ 004670c0 f   brook:logger.obj
 0001:000660f2       ??__Finitlocks@std@@YAXXZ  004670f2 f   libcpmt:xlock.obj
 0001:000660fc       ??__Fclassic_locale@std@@YAXXZ 004670fc f   libcpmt:locale0.obj
 0001:00066106       ??__Finitlocks@@YAXXZ      00467106 f   libcpmt:cerr.obj
 0001:00066110       ??__Fcerr@std@@YAXXZ       00467110 f   libcpmt:cerr.obj
 0001:0006611a       ??__Fferr@std@@YAXXZ       0046711a f   libcpmt:cerr.obj
 0001:00066124       ??__Finitlocks@std@@YAXXZ  00467124 f   libcpmt:iosptrs.obj
 0001:0006612e       ??__Finit_atexit@@YAXXZ    0046712e f   libcpmt:iosptrs.obj
 0001:00066138       ??__Fnomem@?5???2@YAPAXI@Z@YAXXZ 00467138 f   LIBCMT:new.obj
